Component: Arm Compiler for Embedded 6.19 Tool: armlink [5e73cb00]

==============================================================================

Section Cross References

    lab3.o(.text.DHT11_init) refers to gpio.o(.text.gpio_set_mode) for gpio_set_mode
    lab3.o(.ARM.exidx.text.DHT11_init) refers to lab3.o(.text.DHT11_init) for [Anonymous Symbol]
    lab3.o(.text.DHT11_start) refers to gpio.o(.text.gpio_set_mode) for gpio_set_mode
    lab3.o(.text.DHT11_start) refers to gpio.o(.text.gpio_set) for gpio_set
    lab3.o(.text.DHT11_start) refers to delay.o(.text.delay_us) for delay_us
    lab3.o(.ARM.exidx.text.DHT11_start) refers to lab3.o(.text.DHT11_start) for [Anonymous Symbol]
    lab3.o(.text.DHT11_check_response) refers to delay.o(.text.delay_us) for delay_us
    lab3.o(.text.DHT11_check_response) refers to gpio.o(.text.gpio_get) for gpio_get
    lab3.o(.ARM.exidx.text.DHT11_check_response) refers to lab3.o(.text.DHT11_check_response) for [Anonymous Symbol]
    lab3.o(.text.DHT11_read) refers to gpio.o(.text.gpio_get) for gpio_get
    lab3.o(.text.DHT11_read) refers to delay.o(.text.delay_us) for delay_us
    lab3.o(.ARM.exidx.text.DHT11_read) refers to lab3.o(.text.DHT11_read) for [Anonymous Symbol]
    lab3.o(.text.DHT_GetTemperature) refers to lab3.o(.text.DHT11_start) for DHT11_start
    lab3.o(.text.DHT_GetTemperature) refers to lab3.o(.text.DHT11_check_response) for DHT11_check_response
    lab3.o(.text.DHT_GetTemperature) refers to lab3.o(.bss.response_from_dht) for response_from_dht
    lab3.o(.text.DHT_GetTemperature) refers to lab3.o(.text.DHT11_read) for DHT11_read
    lab3.o(.text.DHT_GetTemperature) refers to lab3.o(.bss.Rh_1) for Rh_1
    lab3.o(.text.DHT_GetTemperature) refers to lab3.o(.bss.Rh_2) for Rh_2
    lab3.o(.text.DHT_GetTemperature) refers to lab3.o(.bss.Temp_1) for Temp_1
    lab3.o(.text.DHT_GetTemperature) refers to lab3.o(.bss.Temp_2) for Temp_2
    lab3.o(.text.DHT_GetTemperature) refers to lab3.o(.bss.sum_byte5) for sum_byte5
    lab3.o(.text.DHT_GetTemperature) refers to dflt_clz.o(x$fpl$dflt) for __aeabi_i2d
    lab3.o(.text.DHT_GetTemperature) refers to f2d.o(x$fpl$f2d) for __aeabi_f2d
    lab3.o(.text.DHT_GetTemperature) refers to ddiv.o(x$fpl$ddiv) for __aeabi_ddiv
    lab3.o(.text.DHT_GetTemperature) refers to daddsub_clz.o(x$fpl$dadd) for __aeabi_dadd
    lab3.o(.text.DHT_GetTemperature) refers to d2f.o(x$fpl$d2f) for __aeabi_d2f
    lab3.o(.ARM.exidx.text.DHT_GetTemperature) refers to lab3.o(.text.DHT_GetTemperature) for [Anonymous Symbol]
    lab3.o(.text.turn_on_led_isr) refers to leds.o(.text.leds_set) for leds_set
    lab3.o(.text.turn_on_led_isr) refers to lab3.o(.rodata.str1.1) for .L.str
    lab3.o(.text.turn_on_led_isr) refers to uart.o(.text.uart_print) for uart_print
    lab3.o(.text.turn_on_led_isr) refers to printf.o(.text) for printf
    lab3.o(.ARM.exidx.text.turn_on_led_isr) refers to lab3.o(.text.turn_on_led_isr) for [Anonymous Symbol]
    lab3.o(.text.turn_off_led_isr) refers to leds.o(.text.leds_set) for leds_set
    lab3.o(.text.turn_off_led_isr) refers to lab3.o(.rodata.str1.1) for .L.str.2
    lab3.o(.text.turn_off_led_isr) refers to uart.o(.text.uart_print) for uart_print
    lab3.o(.text.turn_off_led_isr) refers to printf.o(.text) for printf
    lab3.o(.ARM.exidx.text.turn_off_led_isr) refers to lab3.o(.text.turn_off_led_isr) for [Anonymous Symbol]
    lab3.o(.text.toggle_led_isr) refers to lab3.o(.data.counter) for counter
    lab3.o(.text.toggle_led_isr) refers to lab3.o(.rodata.str1.1) for .L.str.4
    lab3.o(.text.toggle_led_isr) refers to printf.o(.text) for printf
    lab3.o(.text.toggle_led_isr) refers to gpio.o(.text.gpio_toggle) for gpio_toggle
    lab3.o(.text.toggle_led_isr) refers to gpio.o(.text.gpio_get) for gpio_get
    lab3.o(.text.toggle_led_isr) refers to sprintf.o(.text) for sprintf
    lab3.o(.text.toggle_led_isr) refers to uart.o(.text.uart_print) for uart_print
    lab3.o(.text.toggle_led_isr) refers to lab3.o(.data.period) for period
    lab3.o(.ARM.exidx.text.toggle_led_isr) refers to lab3.o(.text.toggle_led_isr) for [Anonymous Symbol]
    lab3.o(.text.button_isr) refers to lab3.o(.bss.count_butt) for count_butt
    lab3.o(.text.button_isr) refers to lab3.o(.rodata.str1.1) for .L.str.9
    lab3.o(.text.button_isr) refers to printf.o(.text) for printf
    lab3.o(.text.button_isr) refers to lab3.o(.data.mode) for mode
    lab3.o(.text.button_isr) refers to lab3.o(.bss.last_index) for last_index
    lab3.o(.text.button_isr) refers to lab3.o(.bss.uart_input) for uart_input
    lab3.o(.text.button_isr) refers to lab3.o(.bss.sum_last_digits) for sum_last_digits
    lab3.o(.text.button_isr) refers to lab3.o(.data.period) for period
    lab3.o(.ARM.exidx.text.button_isr) refers to lab3.o(.text.button_isr) for [Anonymous Symbol]
    lab3.o(.text.uart_rx_isr) refers to lab3.o(.data.first_time_aem) for first_time_aem
[...]
    STACK                                    0x200003d0   Section     1024  startup_stm32f401xe.o(STACK)
    __initial_sp                             0x200007d0   Data           0  startup_stm32f401xe.o(STACK)

    Global Symbols

    Symbol Name                              Value     Ov Type        Size  Object(Section)

    BuildAttributes$$THM_ISAv4$E$P$D$K$B$S$7EM$VFPi3$EXTD16$VFPS$VFMA$PE$A:L22UL41UL21$X:L11$S22US41US21$IEEE1$IW$~IW$USESV6$~STKCKD$USESV7$~SHL$OTIME$ROPI$IEEEJ$EBA8$UX$STANDARDLIB$REQ8$EABIv2 0x00000000   Number         0  anon$$obj.o ABSOLUTE
    _printf_flags                            0x00000000   Number         0  printf_stubs.o ABSOLUTE
    _printf_return_value                     0x00000000   Number         0  printf_stubs.o ABSOLUTE
    _printf_sizespec                         0x00000000   Number         0  printf_stubs.o ABSOLUTE
    _printf_widthprec                        0x00000000   Number         0  printf_stubs.o ABSOLUTE
    __ARM_exceptions_init                     - Undefined Weak Reference
    __alloca_initialize                       - Undefined Weak Reference
    __arm_preinit_                            - Undefined Weak Reference
    __arm_relocate_pie_                       - Undefined Weak Reference
    __cpp_initialize__aeabi_                  - Undefined Weak Reference
    __cxa_finalize                            - Undefined Weak Reference
    __sigvec_lookup                           - Undefined Weak Reference
    __user_heap_extent                        - Undefined Weak Reference
    _atexit_init                              - Undefined Weak Reference
    _call_atexit_fns                          - Undefined Weak Reference
    _clock_init                               - Undefined Weak Reference
    _fp_trap_init                             - Undefined Weak Reference
    _fp_trap_shutdown                         - Undefined Weak Reference
    _get_lc_collate                           - Undefined Weak Reference
    _get_lc_monetary                          - Undefined Weak Reference
    _get_lc_time                              - Undefined Weak Reference
    _getenv_init                              - Undefined Weak Reference
    _handle_redirection                       - Undefined Weak Reference
    _mutex_acquire                            - Undefined Weak Reference
    _mutex_free                               - Undefined Weak Reference
    _mutex_release                            - Undefined Weak Reference
    _printf_mbtowc                            - Undefined Weak Reference
    _printf_wc                                - Undefined Weak Reference
    _rand_init                                - Undefined Weak Reference
    _signal_finish                            - Undefined Weak Reference
    _signal_init                              - Undefined Weak Reference
    __Vectors_Size                           0x00000194   Number         0  startup_stm32f401xe.o ABSOLUTE
    __Vectors                                0x08000000   Data           4  startup_stm32f401xe.o(RESET)
    __Vectors_End                            0x08000194   Data           0  startup_stm32f401xe.o(RESET)
    __main                                   0x08000195   Thumb Code     8  __main.o(!!!main)
    __scatterload                            0x0800019d   Thumb Code     0  __scatter.o(!!!scatter)
    __scatterload_rt2                        0x0800019d   Thumb Code    44  __scatter.o(!!!scatter)
    __scatterload_rt2_thumb_only             0x0800019d   Thumb Code     0  __scatter.o(!!!scatter)
    __scatterload_null                       0x080001ab   Thumb Code     0  __scatter.o(!!!scatter)
    __scatterload_copy                       0x080001d1   Thumb Code    26  __scatter_copy.o(!!handler_copy)
    __scatterload_zeroinit                   0x080001ed   Thumb Code    28  __scatter_zi.o(!!handler_zi)
    _printf_n                                0x08000209   Thumb Code     0  _printf_n.o(.ARM.Collect$$_printf_percent$$00000001)
    _printf_percent                          0x08000209   Thumb Code     0  _printf_percent.o(.ARM.Collect$$_printf_percent$$00000000)
    _printf_p                                0x0800020f   Thumb Code     0  _printf_p.o(.ARM.Collect$$_printf_percent$$00000002)
    _printf_f                                0x08000215   Thumb Code     0  _printf_f.o(.ARM.Collect$$_printf_percent$$00000003)
    _printf_e                                0x0800021b   Thumb Code     0  _printf_e.o(.ARM.Collect$$_printf_percent$$00000004)
    _printf_g                                0x08000221   Thumb Code     0  _printf_g.o(.ARM.Collect$$_printf_percent$$00000005)
    _printf_a                                0x08000227   Thumb Code     0  _printf_a.o(.ARM.Collect$$_printf_percent$$00000006)
    _printf_ll                               0x0800022d   Thumb Code     0  _printf_ll.o(.ARM.Collect$$_printf_percent$$00000007)
    _printf_i                                0x08000237   Thumb Code     0  _printf_i.o(.ARM.Collect$$_printf_percent$$00000008)
    _printf_d                                0x0800023d   Thumb Code     0  _printf_d.o(.ARM.Collect$$_printf_percent$$00000009)
    _printf_u                                0x08000243   Thumb Code     0  _printf_u.o(.ARM.Collect$$_printf_percent$$0000000A)
    _printf_o                                0x08000249   Thumb Code     0  _printf_o.o(.ARM.Collect$$_printf_percent$$0000000B)
    _printf_x                                0x0800024f   Thumb Code     0  _printf_x.o(.ARM.Collect$$_printf_percent$$0000000C)
    _printf_lli                              0x08000255   Thumb Code     0  _printf_lli.o(.ARM.Collect$$_printf_percent$$0000000D)
    _printf_lld                              0x0800025b   Thumb Code     0  _printf_lld.o(.ARM.Collect$$_printf_percent$$0000000E)
    _printf_llu                              0x08000261   Thumb Code     0  _printf_llu.o(.ARM.Collect$$_printf_percent$$0000000F)
    _printf_llo                              0x08000267   Thumb Code     0  _printf_llo.o(.ARM.Collect$$_printf_percent$$00000010)
    _printf_llx                              0x0800026d   Thumb Code     0  _printf_llx.o(.ARM.Collect$$_printf_percent$$00000011)
    _printf_l                                0x08000273   Thumb Code     0  _printf_l.o(.ARM.Collect$$_printf_percent$$00000012)
    _printf_c                                0x0800027d   Thumb Code     0  _printf_c.o(.ARM.Collect$$_printf_percent$$00000013)
    _printf_s                                0x08000283   Thumb Code     0  _printf_s.o(.ARM.Collect$$_printf_percent$$00000014)
    _printf_lc                               0x08000289   Thumb Code     0  _printf_lc.o(.ARM.Collect$$_printf_percent$$00000015)
    _printf_ls                               0x0800028f   Thumb Code     0  _printf_ls.o(.ARM.Collect$$_printf_percent$$00000016)
    _printf_percent_end                      0x08000295   Thumb Code     0  _printf_percent_end.o(.ARM.Collect$$_printf_percent$$00000017)
    __rt_lib_init                            0x08000299   Thumb Code     0  libinit.o(.ARM.Collect$$libinit$$00000000)
    __rt_lib_init_fp_1                       0x0800029b   Thumb Code     0  libinit2.o(.ARM.Collect$$libinit$$00000001)
    __rt_lib_init_heap_2                     0x0800029f   Thumb Code     0  libinit2.o(.ARM.Collect$$libinit$$00000007)
    __rt_lib_init_preinit_1                  0x0800029f   Thumb Code     0  libinit2.o(.ARM.Collect$$libinit$$00000006)
    __rt_lib_init_relocate_pie_1             0x0800029f   Thumb Code     0  libinit2.o(.ARM.Collect$$libinit$$00000004)
    __rt_lib_init_heap_1                     0x080002a7   Thumb Code     0  libinit2.o(.ARM.Collect$$libinit$$0000000C)
    __rt_lib_init_lc_common                  0x080002a7   Thumb Code     0  libinit2.o(.ARM.Collect$$libinit$$00000011)
    __rt_lib_init_rand_1                     0x080002a7   Thumb Code     0  libinit2.o(.ARM.Collect$$libinit$$00000010)
    __rt_lib_init_user_alloc_1               0x080002a7   Thumb Code     0  libinit2.o(.ARM.Collect$$libinit$$0000000E)
    __rt_lib_init_lc_collate_1               0x080002ad   Thumb Code     0  libinit2.o(.ARM.Collect$$libinit$$00000013)
    __rt_lib_init_lc_ctype_2                 0x080002ad   Thumb Code     0  libinit2.o(.ARM.Collect$$libinit$$00000014)
    __rt_lib_init_lc_ctype_1                 0x080002b9   Thumb Code     0  libinit2.o(.ARM.Collect$$libinit$$00000015)
    __rt_lib_init_lc_monetary_1              0x080002b9   Thumb Code     0  libinit2.o(.ARM.Collect$$libinit$$00000017)
    __rt_lib_init_lc_numeric_2               0x080002b9   Thumb Code     0  libinit2.o(.ARM.Collect$$libinit$$00000018)
    __rt_lib_init_atexit_1                   0x080002c3   Thumb Code     0  libinit2.o(.ARM.Collect$$libinit$$0000001D)
    __rt_lib_init_clock_1                    0x080002c3   Thumb Code     0  libinit2.o(.ARM.Collect$$libinit$$00000023)
    __rt_lib_init_fp_trap_1                  0x080002c3   Thumb Code     0  libinit2.o(.ARM.Collect$$libinit$$00000021)
    __rt_lib_init_getenv_1                   0x080002c3   Thumb Code     0  libinit2.o(.ARM.Collect$$libinit$$00000025)
    __rt_lib_init_lc_numeric_1               0x080002c3   Thumb Code     0  libinit2.o(.ARM.Collect$$libinit$$00000019)
    __rt_lib_init_lc_time_1                  0x080002c3   Thumb Code     0  libinit2.o(.ARM.Collect$$libinit$$0000001B)
    __rt_lib_init_signal_1                   0x080002c3   Thumb Code     0  libinit2.o(.ARM.Collect$$libinit$$0000001F)
    __rt_lib_init_stdio_2                    0x080002c3   Thumb Code     0  libinit2.o(.ARM.Collect$$libinit$$00000026)
    __rt_lib_init_alloca_1                   0x080002c7   Thumb Code     0  libinit2.o(.ARM.Collect$$libinit$$00000030)
    __rt_lib_init_argv_1                     0x080002c7   Thumb Code     0  libinit2.o(.ARM.Collect$$libinit$$0000002E)
    __rt_lib_init_cpp_1                      0x080002c7   Thumb Code     0  libinit2.o(.ARM.Collect$$libinit$$00000034)
    __rt_lib_init_exceptions_1               0x080002c7   Thumb Code     0  libinit2.o(.ARM.Collect$$libinit$$00000032)
    __rt_lib_init_return                     0x080002c7   Thumb Code     0  libinit2.o(.ARM.Collect$$libinit$$00000035)
    __rt_lib_init_stdio_1                    0x080002c7   Thumb Code     0  libinit2.o(.ARM.Collect$$libinit$$00000027)
    __rt_lib_shutdown                        0x080002c9   Thumb Code     0  libshutdown.o(.ARM.Collect$$libshutdown$$00000000)
    __rt_lib_shutdown_cpp_1                  0x080002cb   Thumb Code     0  libshutdown2.o(.ARM.Collect$$libshutdown$$00000002)
    __rt_lib_shutdown_stdio_2                0x080002cb   Thumb Code     0  libshutdown2.o(.ARM.Collect$$libshutdown$$00000003)
    __rt_lib_shutdown_fp_trap_1              0x080002cf   Thumb Code     0  libshutdown2.o(.ARM.Collect$$libshutdown$$00000007)
    __rt_lib_shutdown_heap_1                 0x080002cf   Thumb Code     0  libshutdown2.o(.ARM.Collect$$libshutdown$$0000000F)
    __rt_lib_shutdown_return                 0x080002cf   Thumb Code     0  libshutdown2.o(.ARM.Collect$$libshutdown$$00000010)
    __rt_lib_shutdown_signal_1               0x080002cf   Thumb Code     0  libshutdown2.o(.ARM.Collect$$libshutdown$$0000000A)
    __rt_lib_shutdown_stdio_1                0x080002cf   Thumb Code     0  libshutdown2.o(.ARM.Collect$$libshutdown$$00000004)
    __rt_lib_shutdown_user_alloc_1           0x080002cf   Thumb Code     0  libshutdown2.o(.ARM.Collect$$libshutdown$$0000000C)
    __rt_entry                               0x080002d1   Thumb Code     0  __rtentry.o(.ARM.Collect$$rtentry$$00000000)
    __rt_entry_presh_1                       0x080002d1   Thumb Code     0  __rtentry2.o(.ARM.Collect$$rtentry$$00000002)
    __rt_entry_sh                            0x080002d1   Thumb Code     0  __rtentry4.o(.ARM.Collect$$rtentry$$00000004)
    __rt_entry_li                            0x080002d7   Thumb Code     0  __rtentry2.o(.ARM.Collect$$rtentry$$0000000A)
    __rt_entry_postsh_1                      0x080002d7   Thumb Code     0  __rtentry2.o(.ARM.Collect$$rtentry$$00000009)
    __rt_entry_main                          0x080002db   Thumb Code     0  __rtentry2.o(.ARM.Collect$$rtentry$$0000000D)
    __rt_entry_postli_1                      0x080002db   Thumb Code     0  __rtentry2.o(.ARM.Collect$$rtentry$$0000000C)
    __rt_exit                                0x080002e3   Thumb Code     0  rtexit.o(.ARM.Collect$$rtexit$$00000000)
    __rt_exit_ls                             0x080002e5   Thumb Code     0  rtexit2.o(.ARM.Collect$$rtexit$$00000003)
    __rt_exit_prels_1                        0x080002e5   Thumb Code     0  rtexit2.o(.ARM.Collect$$rtexit$$00000002)
    __rt_exit_exit                           0x080002e9   Thumb Code     0  rtexit2.o(.ARM.Collect$$rtexit$$00000004)
    delay_cycles                             0x080002f1   Thumb Code     0  delay_cycles.o(.text)
    Reset_Handler                            0x080002fd   Thumb Code     8  startup_stm32f401xe.o(.text)
    NMI_Handler                              0x08000305   Thumb Code     2  startup_stm32f401xe.o(.text)
    HardFault_Handler                        0x08000307   Thumb Code     2  startup_stm32f401xe.o(.text)
    MemManage_Handler                        0x08000309   Thumb Code     2  startup_stm32f401xe.o(.text)
    BusFault_Handler                         0x0800030b   Thumb Code     2  startup_stm32f401xe.o(.text)
    UsageFault_Handler                       0x0800030d   Thumb Code     2  startup_stm32f401xe.o(.text)
    SVC_Handler                              0x0800030f   Thumb Code     2  startup_stm32f401xe.o(.text)
    DebugMon_Handler                         0x08000311   Thumb Code     2  startup_stm32f401xe.o(.text)
    PendSV_Handler                           0x08000313   Thumb Code     2  startup_stm32f401xe.o(.text)
    ADC_IRQHandler                           0x08000317   Thumb Code     0  startup_stm32f401xe.o(.text)
    DMA1_Stream0_IRQHandler                  0x08000317   Thumb Code     0  startup_stm32f401xe.o(.text)
    DMA1_Stream1_IRQHandler                  0x08000317   Thumb Code     0  startup_stm32f401xe.o(.text)
    DMA1_Stream2_IRQHandler                  0x08000317   Thumb Code     0  startup_stm32f401xe.o(.text)
    DMA1_Stream3_IRQHandler                  0x08000317   Thumb Code     0  startup_stm32f401xe.o(.text)
    DMA1_Stream4_IRQHandler                  0x08000317   Thumb Code     0  startup_stm32f401xe.o(.text)
    DMA1_Stream5_IRQHandler                  0x08000317   Thumb Code     0  startup_stm32f401xe.o(.text)
    DMA1_Stream6_IRQHandler                  0x08000317   Thumb Code     0  startup_stm32f401xe.o(.text)
    DMA1_Stream7_IRQHandler                  0x08000317   Thumb Code     0  startup_stm32f401xe.o(.text)
    DMA2_Stream0_IRQHandler                  0x08000317   Thumb Code     0  startup_stm32f401xe.o(.text)
    DMA2_Stream1_IRQHandler                  0x08000317   Thumb Code     0  startup_stm32f401xe.o(.text)
    DMA2_Stream2_IRQHandler                  0x08000317   Thumb Code     0  startup_stm32f401xe.o(.text)
    DMA2_Stream3_IRQHandler                  0x08000317   Thumb Code     0  startup_stm32f401xe.o(.text)
    DMA2_Stream4_IRQHandler                  0x08000317   Thumb Code     0  startup_stm32f401xe.o(.text)
    DMA2_Stream5_IRQHandler                  0x08000317   Thumb Code     0  startup_stm32f401xe.o(.text)
    DMA2_Stream6_IRQHandler                  0x08000317   Thumb Code     0  startup_stm32f401xe.o(.text)
    DMA2_Stream7_IRQHandler                  0x08000317   Thumb Code     0  startup_stm32f401xe.o(.text)
    FLASH_IRQHandler                         0x08000317   Thumb Code     0  startup_stm32f401xe.o(.text)
    FPU_IRQHandler                           0x08000317   Thumb Code     0  startup_stm32f401xe.o(.text)
    I2C1_ER_IRQHandler                       0x08000317   Thumb Code     0  startup_stm32f401xe.o(.text)
    I2C1_EV_IRQHandler                       0x08000317   Thumb Code     0  startup_stm32f401xe.o(.text)
    I2C2_ER_IRQHandler                       0x08000317   Thumb Code     0  startup_stm32f401xe.o(.text)
    I2C2_EV_IRQHandler                       0x08000317   Thumb Code     0  startup_stm32f401xe.o(.text)
    I2C3_ER_IRQHandler                       0x08000317   Thumb Code     0  startup_stm32f401xe.o(.text)
    I2C3_EV_IRQHandler                       0x08000317   Thumb Code     0  startup_stm32f401xe.o(.text)
    OTG_FS_IRQHandler                        0x08000317   Thumb Code     0  startup_stm32f401xe.o(.text)
    OTG_FS_WKUP_IRQHandler                   0x08000317   Thumb Code     0  startup_stm32f401xe.o(.text)
    PVD_IRQHandler                           0x08000317   Thumb Code     0  startup_stm32f401xe.o(.text)
    RCC_IRQHandler                           0x08000317   Thumb Code     0  startup_stm32f401xe.o(.text)
    RTC_Alarm_IRQHandler                     0x08000317   Thumb Code     0  startup_stm32f401xe.o(.text)
    RTC_WKUP_IRQHandler                      0x08000317   Thumb Code     0  startup_stm32f401xe.o(.text)
    SDIO_IRQHandler                          0x08000317   Thumb Code     0  startup_stm32f401xe.o(.text)
    SPI1_IRQHandler                          0x08000317   Thumb Code     0  startup_stm32f401xe.o(.text)
    SPI2_IRQHandler                          0x08000317   Thumb Code     0  startup_stm32f401xe.o(.text)
    SPI3_IRQHandler                          0x08000317   Thumb Code     0  startup_stm32f401xe.o(.text)
    SPI4_IRQHandler                          0x08000317   Thumb Code     0  startup_stm32f401xe.o(.text)
    TAMP_STAMP_IRQHandler                    0x08000317   Thumb Code     0  startup_stm32f401xe.o(.text)
    TIM1_BRK_TIM9_IRQHandler                 0x08000317   Thumb Code     0  startup_stm32f401xe.o(.text)
    TIM1_CC_IRQHandler                       0x08000317   Thumb Code     0  startup_stm32f401xe.o(.text)
    TIM1_TRG_COM_TIM11_IRQHandler            0x08000317   Thumb Code     0  startup_stm32f401xe.o(.text)
    TIM1_UP_TIM10_IRQHandler                 0x08000317   Thumb Code     0  startup_stm32f401xe.o(.text)
    TIM2_IRQHandler                          0x08000317   Thumb Code     0  startup_stm32f401xe.o(.text)
    TIM3_IRQHandler                          0x08000317   Thumb Code     0  startup_stm32f401xe.o(.text)
    TIM4_IRQHandler                          0x08000317   Thumb Code     0  startup_stm32f401xe.o(.text)
    TIM5_IRQHandler                          0x08000317   Thumb Code     0  startup_stm32f401xe.o(.text)
    USART1_IRQHandler                        0x08000317   Thumb Code     0  startup_stm32f401xe.o(.text)
    USART6_IRQHandler                        0x08000317   Thumb Code     0  startup_stm32f401xe.o(.text)
    WWDG_IRQHandler                          0x08000317   Thumb Code     0  startup_stm32f401xe.o(.text)
    __user_initial_stackheap                 0x08000319   Thumb Code     0  startup_stm32f401xe.o(.text)
    malloc                                   0x0800033d   Thumb Code    94  h1_alloc.o(.text)
    printf                                   0x0800039d   Thumb Code    20  printf.o(.text)
    sprintf                                  0x080003b5   Thumb Code    38  sprintf.o(.text)
    strcmp                                   0x080003e1   Thumb Code   124  strcmpv7em.o(.text)
    __use_two_region_memory                  0x0800045d   Thumb Code     2  heapauxi.o(.text)
    __rt_heap_escrow                         0x0800045f   Thumb Code     2  heapauxi.o(.text)
    __rt_heap_expand                         0x08000461   Thumb Code     2  heapauxi.o(.text)
    __rt_heap_descriptor                     0x08000465   Thumb Code     8  rt_heap_descriptor_intlibspace.o(.text)
    __use_no_heap                            0x0800046d   Thumb Code     2  hguard.o(.text)
    __heap$guard                             0x0800046f   Thumb Code     2  hguard.o(.text)
    _terminate_user_alloc                    0x08000471   Thumb Code     2  init_alloc.o(.text)
    _init_user_alloc                         0x08000473   Thumb Code     2  init_alloc.o(.text)
    __Heap_Full                              0x08000475   Thumb Code    34  init_alloc.o(.text)
    __Heap_Broken                            0x08000497   Thumb Code     6  init_alloc.o(.text)
    _init_alloc                              0x0800049d   Thumb Code    94  init_alloc.o(.text)
    __Heap_Initialize                        0x080004fb   Thumb Code    10  h1_init.o(.text)
    __Heap_DescSize                          0x08000505   Thumb Code     4  h1_init.o(.text)
    free                                     0x08000509   Thumb Code    78  h1_free.o(.text)
    _printf_pre_padding                      0x08000557   Thumb Code    44  _printf_pad.o(.text)
    _printf_post_padding                     0x08000583   Thumb Code    34  _printf_pad.o(.text)
    _printf_truncate_signed                  0x080005a5   Thumb Code    18  _printf_truncate.o(.text)
    _printf_truncate_unsigned                0x080005b7   Thumb Code    18  _printf_truncate.o(.text)
    _printf_str                              0x080005c9   Thumb Code    82  _printf_str.o(.text)
    _printf_int_dec                          0x0800061d   Thumb Code   104  _printf_dec.o(.text)
    _printf_charcount                        0x08000695   Thumb Code    40  _printf_charcount.o(.text)
    _printf_char_common                      0x080006c7   Thumb Code    32  _printf_char_common.o(.text)
    _sputc                                   0x080006ed   Thumb Code    10  _sputc.o(.text)
    _printf_char_file                        0x080006f9   Thumb Code    32  _printf_char_file.o(.text)
    _printf_wctomb                           0x0800071d   Thumb Code   182  _printf_wctomb.o(.text)
    _printf_longlong_dec                     0x080007d9   Thumb Code   108  _printf_longlong_dec.o(.text)
    _printf_longlong_oct                     0x08000855   Thumb Code    68  _printf_oct_int_ll.o(.text)
    _printf_int_oct                          0x08000899   Thumb Code    24  _printf_oct_int_ll.o(.text)
    _printf_ll_oct                           0x080008b1   Thumb Code    12  _printf_oct_int_ll.o(.text)
    _printf_longlong_hex                     0x080008c5   Thumb Code    86  _printf_hex_int_ll_ptr.o(.text)
    _printf_int_hex                          0x0800091b   Thumb Code    28  _printf_hex_int_ll_ptr.o(.text)
    _printf_ll_hex                           0x08000937   Thumb Code    12  _printf_hex_int_ll_ptr.o(.text)
    _printf_hex_ptr                          0x08000943   Thumb Code    18  _printf_hex_int_ll_ptr.o(.text)
    __printf                                 0x08000959   Thumb Code   388  __printf_flags_ss_wp.o(.text)
    __user_libspace                          0x08000ae1   Thumb Code     8  libspace.o(.text)
    __user_perproc_libspace                  0x08000ae1   Thumb Code     0  libspace.o(.text)
    __user_perthread_libspace                0x08000ae1   Thumb Code     0  libspace.o(.text)
    __Heap_ProvideMemory                     0x08000ae9   Thumb Code    52  h1_extend.o(.text)
    _maybe_terminate_alloc                   0x08000ae9   Thumb Code     0  maybetermalloc1.o(.text)
    _ll_udiv10                               0x08000b1d   Thumb Code   138  lludiv10.o(.text)
    _printf_int_common                       0x08000ba7   Thumb Code   178  _printf_intcommon.o(.text)
    _printf_fp_dec_real                      0x08000e09   Thumb Code   620  _printf_fp_dec.o(.text)
    _printf_fp_hex_real                      0x08001075   Thumb Code   756  _printf_fp_hex.o(.text)
    _printf_cs_common                        0x08001371   Thumb Code    20  _printf_char.o(.text)
    _printf_char                             0x08001385   Thumb Code    16  _printf_char.o(.text)
    _printf_string                           0x08001395   Thumb Code     8  _printf_char.o(.text)
    _printf_lcs_common                       0x0800139d   Thumb Code    20  _printf_wchar.o(.text)
    _printf_wchar                            0x080013b1   Thumb Code    16  _printf_wchar.o(.text)
    _printf_wstring                          0x080013c1   Thumb Code     8  _printf_wchar.o(.text)
    ferror                                   0x080013c9   Thumb Code     8  ferror.o(.text)
    _initio                                  0x080013d1   Thumb Code   210  initio.o(.text)
    _terminateio                             0x080014a3   Thumb Code    56  initio.o(.text)
    _c16rtomb                                0x08001509   Thumb Code    72  _c16rtomb.o(.text)
    _wcrtomb                                 0x08001509   Thumb Code     0  _c16rtomb.o(.text)
    __rt_SIGRTMEM                            0x08001551   Thumb Code    14  defsig_rtmem_outer.o(.text)
    __I$use$semihosting                      0x0800155f   Thumb Code     0  use_no_semi.o(.text)
    __use_no_semihosting_swi                 0x0800155f   Thumb Code     2  use_no_semi.o(.text)
    __semihosting_library_function           0x08001561   Thumb Code     0  indicate_semi.o(.text)
    __user_setup_stackheap                   0x08001561   Thumb Code    74  sys_stackheap_outer.o(.text)
    __rt_ctype_table                         0x080015ad   Thumb Code    16  rt_ctype_table.o(.text)
    __rt_locale                              0x080015bd   Thumb Code     8  rt_locale_intlibspace.o(.text)
    _printf_fp_infnan                        0x080015c5   Thumb Code   112  _printf_fp_infnan.o(.text)
    _btod_etento                             0x08001645   Thumb Code   224  bigflt0.o(.text)
    __flsbuf                                 0x08001729   Thumb Code   482  flsbuf.o(.text)
    __flsbuf_byte                            0x08001729   Thumb Code     0  flsbuf.o(.text)
    __flsbuf_wide                            0x08001729   Thumb Code     0  flsbuf.o(.text)
    setvbuf                                  0x0800190b   Thumb Code    70  setvbuf.o(.text)
    freopen                                  0x08001951   Thumb Code   160  fopen.o(.text)
    fopen                                    0x080019f1   Thumb Code    74  fopen.o(.text)
    _fclose_internal                         0x08001a41   Thumb Code    76  fclose.o(.text)
    fclose                                   0x08001a41   Thumb Code     0  fclose.o(.text)
    exit                                     0x08001a8d   Thumb Code    18  exit.o(.text)
    __sig_exit                               0x08001a9f   Thumb Code    10  defsig_exit.o(.text)
    __rt_SIGRTRED                            0x08001aa9   Thumb Code    14  defsig_rtred_outer.o(.text)
    __rt_SIGRTMEM_inner                      0x08001ab9   Thumb Code    22  defsig_rtmem_inner.o(.text)
    __aeabi_memclr4                          0x08001b09   Thumb Code     0  rt_memclr_w.o(.text)
    __aeabi_memclr8                          0x08001b09   Thumb Code     0  rt_memclr_w.o(.text)
    __rt_memclr_w                            0x08001b09   Thumb Code     0  rt_memclr_w.o(.text)
    _memset_w                                0x08001b0d   Thumb Code    74  rt_memclr_w.o(.text)
    _sys_exit                                0x08001b59   Thumb Code     8  sys_exit.o(.text)
    _fseek                                   0x08001b65   Thumb Code   242  fseek.o(.text)
    fseek                                    0x08001b65   Thumb Code     0  fseek.o(.text)
    _seterr                                  0x08001c5d   Thumb Code    20  stdio.o(.text)
    _writebuf                                0x08001c71   Thumb Code   108  stdio.o(.text)
    _fflush                                  0x08001cdd   Thumb Code    70  stdio.o(.text)
    _deferredlazyseek                        0x08001d23   Thumb Code    60  stdio.o(.text)
    __default_signal_display                 0x08001d65   Thumb Code    50  defsig_general.o(.text)
    __rt_SIGRTRED_inner                      0x08001d99   Thumb Code    14  defsig_rtred_inner.o(.text)
    _ttywrch                                 0x08001dcd   Thumb Code    14  sys_wrch.o(.text)
    _ftell_internal                          0x08001ddb   Thumb Code    66  ftell.o(.text)
    ftell                                    0x08001ddb   Thumb Code     0  ftell.o(.text)
    __aeabi_errno_addr                       0x08001e1d   Thumb Code     8  rt_errno_addr_intlibspace.o(.text)
    __errno$intlibspace                      0x08001e1d   Thumb Code     0  rt_errno_addr_intlibspace.o(.text)
    __rt_errno_addr$intlibspace              0x08001e1d   Thumb Code     0  rt_errno_addr_intlibspace.o(.text)
    DHT11_check_response                     0x08001e25   Thumb Code    82  lab3.o(.text.DHT11_check_response)
    DHT11_init                               0x08001e79   Thumb Code    12  lab3.o(.text.DHT11_init)
    DHT11_read                               0x08001e85   Thumb Code   140  lab3.o(.text.DHT11_read)
    DHT11_start                              0x08001f11   Thumb Code    56  lab3.o(.text.DHT11_start)
    DHT_GetTemperature                       0x08001f49   Thumb Code   272  lab3.o(.text.DHT_GetTemperature)
    EXTI0_IRQHandler                         0x08002059   Thumb Code   132  gpio.o(.text.EXTI0_IRQHandler)
    EXTI15_10_IRQHandler                     0x080020dd   Thumb Code   132  gpio.o(.text.EXTI15_10_IRQHandler)
    EXTI1_IRQHandler                         0x08002161   Thumb Code   132  gpio.o(.text.EXTI1_IRQHandler)
    EXTI2_IRQHandler                         0x080021e5   Thumb Code   132  gpio.o(.text.EXTI2_IRQHandler)
    EXTI3_IRQHandler                         0x08002269   Thumb Code   132  gpio.o(.text.EXTI3_IRQHandler)
    EXTI4_IRQHandler                         0x080022ed   Thumb Code   132  gpio.o(.text.EXTI4_IRQHandler)
    EXTI9_5_IRQHandler                       0x08002371   Thumb Code   132  gpio.o(.text.EXTI9_5_IRQHandler)
    GPIO_Init                                0x080023f5   Thumb Code   246  stm32f4xx_gpio.o(.text.GPIO_Init)
    GPIO_PinAFConfig                         0x080024ed   Thumb Code   114  stm32f4xx_gpio.o(.text.GPIO_PinAFConfig)
    ITM_SendChar                             0x08002561   Thumb Code    66  retarget_io.o(.text.ITM_SendChar)
    RCC_AHB1PeriphClockCmd                   0x0800267d   Thumb Code    56  stm32f4xx_rcc.o(.text.RCC_AHB1PeriphClockCmd)
    RCC_APB1PeriphClockCmd                   0x080026b5   Thumb Code    56  stm32f4xx_rcc.o(.text.RCC_APB1PeriphClockCmd)
    RCC_GetClocksFreq                        0x080026ed   Thumb Code   354  stm32f4xx_rcc.o(.text.RCC_GetClocksFreq)
    SysTick_Handler                          0x080028a5   Thumb Code    16  timer.o(.text.SysTick_Handler)
    SystemInit                               0x080028b5   Thumb Code    18  system_stm32f4xx.o(.text.SystemInit)
    USART2_IRQHandler                        0x080028c9   Thumb Code    54  uart.o(.text.USART2_IRQHandler)
    USART_Cmd                                0x08002901   Thumb Code    46  stm32f4xx_usart.o(.text.USART_Cmd)
    USART_GetFlagStatus                      0x08002931   Thumb Code    66  stm32f4xx_usart.o(.text.USART_GetFlagStatus)
    USART_Init                               0x08002975   Thumb Code   362  stm32f4xx_usart.o(.text.USART_Init)
    USART_ReceiveData                        0x08002ae1   Thumb Code    16  stm32f4xx_usart.o(.text.USART_ReceiveData)
    USART_SendData                           0x08002af1   Thumb Code    24  stm32f4xx_usart.o(.text.USART_SendData)
    _sys_close                               0x08002d31   Thumb Code    74  retarget_io.o(.text._sys_close)
    _sys_flen                                0x08002d7d   Thumb Code    72  retarget_io.o(.text._sys_flen)
    _sys_istty                               0x08002dc5   Thumb Code    72  retarget_io.o(.text._sys_istty)
    _sys_open                                0x08002e0d   Thumb Code   132  retarget_io.o(.text._sys_open)
    _sys_seek                                0x08002e91   Thumb Code    82  retarget_io.o(.text._sys_seek)
    _sys_write                               0x08002ee5   Thumb Code   152  retarget_io.o(.text._sys_write)
    button_isr                               0x08002f7d   Thumb Code   230  lab3.o(.text.button_isr)
    control_led_temp                         0x08003069   Thumb Code   168  lab3.o(.text.control_led_temp)
    delay_us                                 0x08003111   Thumb Code   122  delay.o(.text.delay_us)
    gpio_get                                 0x0800318d   Thumb Code    42  gpio.o(.text.gpio_get)
    gpio_set                                 0x080031b9   Thumb Code    54  gpio.o(.text.gpio_set)
    gpio_set_callback                        0x080031f1   Thumb Code   850  gpio.o(.text.gpio_set_callback)
    gpio_set_mode                            0x08003545   Thumb Code   322  gpio.o(.text.gpio_set_mode)
    gpio_set_trigger                         0x08003689   Thumb Code   172  gpio.o(.text.gpio_set_trigger)
    gpio_toggle                              0x08003735   Thumb Code    32  gpio.o(.text.gpio_toggle)
    leds_init                                0x08003755   Thumb Code    44  leds.o(.text.leds_init)
    leds_set                                 0x08003781   Thumb Code    56  leds.o(.text.leds_set)
    main                                     0x080037b9   Thumb Code   762  lab3.o(.text.main)
    queue_dequeue                            0x08003ab5   Thumb Code    68  queue.o(.text.queue_dequeue)
    queue_enqueue                            0x08003af9   Thumb Code    78  queue.o(.text.queue_enqueue)
    queue_init                               0x08003b49   Thumb Code    48  queue.o(.text.queue_init)
    queue_is_empty                           0x08003b79   Thumb Code    22  queue.o(.text.queue_is_empty)
    queue_is_full                            0x08003b91   Thumb Code    34  queue.o(.text.queue_is_full)
    timer_callback_isr                       0x08003bd5   Thumb Code    16  lab3.o(.text.timer_callback_isr)
    timer_enable                             0x08003be5   Thumb Code    14  timer.o(.text.timer_enable)
    timer_init                               0x08003bf9   Thumb Code   104  timer.o(.text.timer_init)
    timer_set_callback                       0x08003c61   Thumb Code    20  timer.o(.text.timer_set_callback)
    toggle_led_isr                           0x08003c75   Thumb Code   242  lab3.o(.text.toggle_led_isr)
    turn_off_led_isr                         0x08003d69   Thumb Code    38  lab3.o(.text.turn_off_led_isr)
    turn_on_led_isr                          0x08003d91   Thumb Code    38  lab3.o(.text.turn_on_led_isr)
    uart_enable                              0x08003db9   Thumb Code    18  uart.o(.text.uart_enable)
    uart_init                                0x08003dcd   Thumb Code   138  uart.o(.text.uart_init)
    uart_print                               0x08003e59   Thumb Code    34  uart.o(.text.uart_print)
    uart_rx                                  0x08003e7d   Thumb Code    50  uart.o(.text.uart_rx)
    uart_rx_isr                              0x08003eb1   Thumb Code   392  lab3.o(.text.uart_rx_isr)
    uart_set_rx_callback                     0x08004039   Thumb Code    62  uart.o(.text.uart_set_rx_callback)
    uart_tx                                  0x08004079   Thumb Code    50  uart.o(.text.uart_tx)
    _btod_d2e                                0x080040ab   Thumb Code    62  btod.o(CL$$btod_d2e)
    _d2e_denorm_low                          0x080040e9   Thumb Code    70  btod.o(CL$$btod_d2e_denorm_low)
    _d2e_norm_op1                            0x0800412f   Thumb Code    96  btod.o(CL$$btod_d2e_norm_op1)
    __btod_div_common                        0x08004191   Thumb Code   696  btod.o(CL$$btod_div_common)
    _e2e                                     0x080044c9   Thumb Code   220  btod.o(CL$$btod_e2e)
    _btod_ediv                               0x080045a5   Thumb Code    42  btod.o(CL$$btod_ediv)
    _btod_emul                               0x080045cf   Thumb Code    42  btod.o(CL$$btod_emul)
    __btod_mult_common                       0x080045f9   Thumb Code   580  btod.o(CL$$btod_mult_common)
    __ARM_fpclassify                         0x0800483d   Thumb Code    48  fpclassify.o(i.__ARM_fpclassify)
    _is_digit                                0x0800486d   Thumb Code    14  __printf_wp.o(i._is_digit)
    fputc                                    0x0800487b   Thumb Code    28  fputc.o(i.fputc)
    _get_lc_numeric                          0x08004899   Thumb Code    44  lc_numeric_c.o(locale$$code)
    _get_lc_ctype                            0x080048c5   Thumb Code    44  lc_ctype_c.o(locale$$code)
    __aeabi_d2f                              0x080048f1   Thumb Code     0  d2f.o(x$fpl$d2f)
    _d2f                                     0x080048f1   Thumb Code    98  d2f.o(x$fpl$d2f)
    __aeabi_dadd                             0x08004955   Thumb Code     0  daddsub_clz.o(x$fpl$dadd)
    _dadd                                    0x08004955   Thumb Code   332  daddsub_clz.o(x$fpl$dadd)
    __fpl_dcmp_Inf                           0x08004aa5   Thumb Code    24  dcmpi.o(x$fpl$dcmpinf)
    __aeabi_ddiv                             0x08004abd   Thumb Code     0  ddiv.o(x$fpl$ddiv)
    _ddiv                                    0x08004abd   Thumb Code   556  ddiv.o(x$fpl$ddiv)
    __aeabi_cdcmpeq                          0x08004d71   Thumb Code     0  deqf.o(x$fpl$deqf)
    _dcmpeq                                  0x08004d71   Thumb Code   120  deqf.o(x$fpl$deqf)
    __aeabi_d2uiz                            0x08004de9   Thumb Code     0  dfixu.o(x$fpl$dfixu)
    _dfixu                                   0x08004de9   Thumb Code    90  dfixu.o(x$fpl$dfixu)
    __aeabi_i2d                              0x08004e43   Thumb Code     0  dflt_clz.o(x$fpl$dflt)
    _dflt                                    0x08004e43   Thumb Code    46  dflt_clz.o(x$fpl$dflt)
    __aeabi_ui2d                             0x08004e71   Thumb Code     0  dflt_clz.o(x$fpl$dfltu)
    _dfltu                                   0x08004e71   Thumb Code    38  dflt_clz.o(x$fpl$dfltu)
    __aeabi_cdcmpge                          0x08004e99   Thumb Code     0  dgeqf.o(x$fpl$dgeqf)
    _dcmpge                                  0x08004e99   Thumb Code   120  dgeqf.o(x$fpl$dgeqf)
    __aeabi_cdcmple                          0x08004f11   Thumb Code     0  dleqf.o(x$fpl$dleqf)
    _dcmple                                  0x08004f11   Thumb Code   120  dleqf.o(x$fpl$dleqf)
    __fpl_dcmple_InfNaN                      0x08004f73   Thumb Code     0  dleqf.o(x$fpl$dleqf)
    __fpl_dnaninf                            0x08004f89   Thumb Code   156  dnaninf.o(x$fpl$dnaninf)
    __fpl_dretinf                            0x08005025   Thumb Code    12  dretinf.o(x$fpl$dretinf)
    __aeabi_dsub                             0x08005031   Thumb Code     0  daddsub_clz.o(x$fpl$dsub)
    _dsub                                    0x08005031   Thumb Code   472  daddsub_clz.o(x$fpl$dsub)
    __aeabi_f2d                              0x0800520d   Thumb Code     0  f2d.o(x$fpl$f2d)
    _f2d                                     0x0800520d   Thumb Code    86  f2d.o(x$fpl$f2d)
    __aeabi_dcmpeq                           0x08005263   Thumb Code     0  dcmp.o(x$fpl$fcmp)
    _deq                                     0x08005263   Thumb Code    14  dcmp.o(x$fpl$fcmp)
    _dneq                                    0x08005271   Thumb Code    14  dcmp.o(x$fpl$fcmp)
    __aeabi_dcmpgt                           0x0800527f   Thumb Code     0  dcmp.o(x$fpl$fcmp)
    _dgr                                     0x0800527f   Thumb Code    14  dcmp.o(x$fpl$fcmp)
    __aeabi_dcmpge                           0x0800528d   Thumb Code     0  dcmp.o(x$fpl$fcmp)
    _dgeq                                    0x0800528d   Thumb Code    14  dcmp.o(x$fpl$fcmp)
    __aeabi_dcmple                           0x0800529b   Thumb Code     0  dcmp.o(x$fpl$fcmp)
    _dleq                                    0x0800529b   Thumb Code    14  dcmp.o(x$fpl$fcmp)
    __aeabi_dcmplt                           0x080052a9   Thumb Code     0  dcmp.o(x$fpl$fcmp)
    _dls                                     0x080052a9   Thumb Code    14  dcmp.o(x$fpl$fcmp)
    __fpl_fnaninf                            0x080052b7   Thumb Code   140  fnaninf.o(x$fpl$fnaninf)
    _fp_init                                 0x08005343   Thumb Code    26  fpinit.o(x$fpl$fpinit)
    __fplib_config_fpu_vfp                   0x0800535b   Thumb Code     0  fpinit.o(x$fpl$fpinit)
    __fplib_config_pureend_doubles           0x0800535b   Thumb Code     0  fpinit.o(x$fpl$fpinit)
    __fpl_fretinf                            0x0800535d   Thumb Code    10  fretinf.o(x$fpl$fretinf)
    _printf_fp_dec                           0x08005367   Thumb Code     4  printf1.o(x$fpl$printf1)
    _printf_fp_hex                           0x0800536b   Thumb Code     4  printf2.o(x$fpl$printf2)
    __I$use$fp                               0x0800536e   Number         0  usenofp.o(x$fpl$usenofp)
    __stderr_name                            0x0800547c   Data           8  retarget_io.o(.rodata.__stderr_name)
    __stdin_name                             0x08005484   Data           7  retarget_io.o(.rodata.__stdin_name)
    __stdout_name                            0x0800548b   Data           8  retarget_io.o(.rodata.__stdout_name)
    Region$$Table$$Base                      0x080056c4   Number         0  anon$$obj.o(Region$$Table)
    Region$$Table$$Limit                     0x080056e4   Number         0  anon$$obj.o(Region$$Table)
    __ctype                                  0x0800570d   Data           0  lc_ctype_c.o(locale$$data)
    __aeabi_stdin                            0x20000000   Data           4  stdio_streams.o(.data)
    __aeabi_stdout                           0x20000004   Data           4  stdio_streams.o(.data)
    __aeabi_stderr                           0x20000008   Data           4  stdio_streams.o(.data)
    SystemCoreClock                          0x2000000c   Data           4  system_stm32f4xx.o(.data.SystemCoreClock)
    period                                   0x2000001c   Data           4  lab3.o(.data.period)
    __stdin                                  0x20000020   Data          84  stdio_streams.o(.bss)
    __stdout                                 0x20000074   Data          84  stdio_streams.o(.bss)
    __stderr                                 0x200000c8   Data          84  stdio_streams.o(.bss)
    __libspace_start                         0x2000011c   Data          96  libspace.o(.bss)
    EXTI_port_set                            0x2000017c   Data           4  gpio.o(.bss.EXTI_port_set)
    __temporary_stack_top$libspace           0x2000017c   Data           0  libspace.o(.bss)
    IRQ_pin_index                            0x20000184   Data           4  gpio.o(.bss.IRQ_pin_index)
    IRQ_port_num                             0x20000188   Data           4  gpio.o(.bss.IRQ_port_num)
    IRQ_status                               0x2000018c   Data           4  gpio.o(.bss.IRQ_status)
    Rh_1                                     0x20000190   Data           1  lab3.o(.bss.Rh_1)
    Rh_2                                     0x20000191   Data           1  lab3.o(.bss.Rh_2)
    Temp_1                                   0x20000192   Data           1  lab3.o(.bss.Temp_1)
    Temp_2                                   0x20000193   Data           1  lab3.o(.bss.Temp_2)
    priority                                 0x200001a0   Data           4  gpio.o(.bss.priority)
    prioritygroup                            0x200001a4   Data           4  gpio.o(.bss.prioritygroup)
    response_from_dht                        0x200001a8   Data           1  lab3.o(.bss.response_from_dht)
    sum_byte5                                0x200001bc   Data           1  lab3.o(.bss.sum_byte5)
    sum_last_digits                          0x200001c0   Data           4  lab3.o(.bss.sum_last_digits)



==============================================================================

Memory Map of the image

  Image Entry point : 0x080002fd

  Load Region LR_1 (Base: 0x08000000, Size: 0x00005830, Max: 0xffffffff, ABSOLUTE)

    Execution Region ER_RO (Exec base: 0x08000000, Load base: 0x08000000, Size: 0x00005810, Max: 0xffffffff, ABSOLUTE)

    Exec Addr    Load Addr    Size         Type   Attr      Idx    E Section Name        Object

    0x08000000   0x08000000   0x00000194   Data   RO          683    RESET               startup_stm32f401xe.o
    0x08000194   0x08000194   0x00000008   Code   RO          770  * !!!main             c_w.l(__main.o)
    0x0800019c   0x0800019c   0x00000034   Code   RO         1269    !!!scatter          c_w.l(__scatter.o)
    0x080001d0   0x080001d0   0x0000001a   Code   RO         1271    !!handler_copy      c_w.l(__scatter_copy.o)
    0x080001ea   0x080001ea   0x00000002   PAD
    0x080001ec   0x080001ec   0x0000001c   Code   RO         1273    !!handler_zi        c_w.l(__scatter_zi.o)
    0x08000208   0x08000208   0x00000000   Code   RO          913    .ARM.Collect$$_printf_percent$$00000000  c_w.l(_printf_percent.o)
    0x08000208   0x08000208   0x00000006   Code   RO          902    .ARM.Collect$$_printf_percent$$00000001  c_w.l(_printf_n.o)
    0x0800020e   0x0800020e   0x00000006   Code   RO          904    .ARM.Collect$$_printf_percent$$00000002  c_w.l(_printf_p.o)
    0x08000214   0x08000214   0x00000006   Code   RO          909    .ARM.Collect$$_printf_percent$$00000003  c_w.l(_printf_f.o)
    0x0800021a   0x0800021a   0x00000006   Code   RO          910    .ARM.Collect$$_printf_percent$$00000004  c_w.l(_printf_e.o)
    0x08000220   0x08000220   0x00000006   Code   RO          911    .ARM.Collect$$_printf_percent$$00000005  c_w.l(_printf_g.o)
    0x08000226   0x08000226   0x00000006   Code   RO          912    .ARM.Collect$$_printf_percent$$00000006  c_w.l(_printf_a.o)
    0x0800022c   0x0800022c   0x0000000a   Code   RO          917    .ARM.Collect$$_printf_percent$$00000007  c_w.l(_printf_ll.o)
    0x08000236   0x08000236   0x00000006   Code   RO          906    .ARM.Collect$$_printf_percent$$00000008  c_w.l(_printf_i.o)
    0x0800023c   0x0800023c   0x00000006   Code   RO          907    .ARM.Collect$$_printf_percent$$00000009  c_w.l(_printf_d.o)
    0x08000242   0x08000242   0x00000006   Code   RO          908    .ARM.Collect$$_printf_percent$$0000000A  c_w.l(_printf_u.o)
    0x08000248   0x08000248   0x00000006   Code   RO          905    .ARM.Collect$$_printf_percent$$0000000B  c_w.l(_printf_o.o)
    0x0800024e   0x0800024e   0x00000006   Code   RO          903    .ARM.Collect$$_printf_percent$$0000000C  c_w.l(_printf_x.o)
    0x08000254   0x08000254   0x00000006   Code   RO          914    .ARM.Collect$$_printf_percent$$0000000D  c_w.l(_printf_lli.o)
    0x0800025a   0x0800025a   0x00000006   Code   RO          915    .ARM.Collect$$_printf_percent$$0000000E  c_w.l(_printf_lld.o)
    0x08000260   0x08000260   0x00000006   Code   RO          916    .ARM.Collect$$_printf_percent$$0000000F  c_w.l(_printf_llu.o)
    0x08000266   0x08000266   0x00000006   Code   RO          921    .ARM.Collect$$_printf_percent$$00000010  c_w.l(_printf_llo.o)
    0x0800026c   0x0800026c   0x00000006   Code   RO          922    .ARM.Collect$$_printf_percent$$00000011  c_w.l(_printf_llx.o)
    0x08000272   0x08000272   0x0000000a   Code   RO          918    .ARM.Collect$$_printf_percent$$00000012  c_w.l(_printf_l.o)
    0x0800027c   0x0800027c   0x00000006   Code   RO          900    .ARM.Collect$$_printf_percent$$00000013  c_w.l(_printf_c.o)
    0x08000282   0x08000282   0x00000006   Code   RO          901    .ARM.Collect$$_printf_percent$$00000014  c_w.l(_printf_s.o)
    0x08000288   0x08000288   0x00000006   Code   RO          919    .ARM.Collect$$_printf_percent$$00000015  c_w.l(_printf_lc.o)
    0x0800028e   0x0800028e   0x00000006   Code   RO          920    .ARM.Collect$$_printf_percent$$00000016  c_w.l(_printf_ls.o)
    0x08000294   0x08000294   0x00000004   Code   RO         1050    .ARM.Collect$$_printf_percent$$00000017  c_w.l(_printf_percent_end.o)
    0x08000298   0x08000298   0x00000002   Code   RO         1162    .ARM.Collect$$libinit$$00000000  c_w.l(libinit.o)
    0x0800029a   0x0800029a   0x00000004   Code   RO          933    .ARM.Collect$$libinit$$00000001  c_w.l(libinit2.o)
    0x0800029e   0x0800029e   0x00000000   Code   RO          936    .ARM.Collect$$libinit$$00000004  c_w.l(libinit2.o)
    0x0800029e   0x0800029e   0x00000000   Code   RO          938    .ARM.Collect$$libinit$$00000006  c_w.l(libinit2.o)
    0x0800029e   0x0800029e   0x00000008   Code   RO          939    .ARM.Collect$$libinit$$00000007  c_w.l(libinit2.o)
    0x080002a6   0x080002a6   0x00000000   Code   RO          941    .ARM.Collect$$libinit$$0000000C  c_w.l(libinit2.o)
    0x080002a6   0x080002a6   0x00000000   Code   RO          943    .ARM.Collect$$libinit$$0000000E  c_w.l(libinit2.o)
    0x080002a6   0x080002a6   0x00000000   Code   RO          945    .ARM.Collect$$libinit$$00000010  c_w.l(libinit2.o)
    0x080002a6   0x080002a6   0x00000006   Code   RO          946    .ARM.Collect$$libinit$$00000011  c_w.l(libinit2.o)
    0x080002ac   0x080002ac   0x00000000   Code   RO          948    .ARM.Collect$$libinit$$00000013  c_w.l(libinit2.o)
    0x080002ac   0x080002ac   0x0000000c   Code   RO          949    .ARM.Collect$$libinit$$00000014  c_w.l(libinit2.o)
    0x080002b8   0x080002b8   0x00000000   Code   RO          950    .ARM.Collect$$libinit$$00000015  c_w.l(libinit2.o)
    0x080002b8   0x080002b8   0x00000000   Code   RO          952    .ARM.Collect$$libinit$$00000017  c_w.l(libinit2.o)
    0x080002b8   0x080002b8   0x0000000a   Code   RO          953    .ARM.Collect$$libinit$$00000018  c_w.l(libinit2.o)
    0x080002c2   0x080002c2   0x00000000   Code   RO          954    .ARM.Collect$$libinit$$00000019  c_w.l(libinit2.o)
    0x080002c2   0x080002c2   0x00000000   Code   RO          956    .ARM.Collect$$libinit$$0000001B  c_w.l(libinit2.o)
    0x080002c2   0x080002c2   0x00000000   Code   RO          958    .ARM.Collect$$libinit$$0000001D  c_w.l(libinit2.o)
    0x080002c2   0x080002c2   0x00000000   Code   RO          960    .ARM.Collect$$libinit$$0000001F  c_w.l(libinit2.o)
    0x080002c2   0x080002c2   0x00000000   Code   RO          962    .ARM.Collect$$libinit$$00000021  c_w.l(libinit2.o)
    0x080002c2   0x080002c2   0x00000000   Code   RO          964    .ARM.Collect$$libinit$$00000023  c_w.l(libinit2.o)
    0x080002c2   0x080002c2   0x00000000   Code   RO          966    .ARM.Collect$$libinit$$00000025  c_w.l(libinit2.o)
    0x080002c2   0x080002c2   0x00000004   Code   RO          967    .ARM.Collect$$libinit$$00000026  c_w.l(libinit2.o)
    0x080002c6   0x080002c6   0x00000000   Code   RO          968    .ARM.Collect$$libinit$$00000027  c_w.l(libinit2.o)
    0x080002c6   0x080002c6   0x00000000   Code   RO          972    .ARM.Collect$$libinit$$0000002E  c_w.l(libinit2.o)
    0x080002c6   0x080002c6   0x00000000   Code   RO          974    .ARM.Collect$$libinit$$00000030  c_w.l(libinit2.o)
    0x080002c6   0x080002c6   0x00000000   Code   RO          976    .ARM.Collect$$libinit$$00000032  c_w.l(libinit2.o)
    0x080002c6   0x080002c6   0x00000000   Code   RO          978    .ARM.Collect$$libinit$$00000034  c_w.l(libinit2.o)
    0x080002c6   0x080002c6   0x00000002   Code   RO          979    .ARM.Collect$$libinit$$00000035  c_w.l(libinit2.o)
    0x080002c8   0x080002c8   0x00000002   Code   RO         1266    .ARM.Collect$$libshutdown$$00000000  c_w.l(libshutdown.o)
    0x080002ca   0x080002ca   0x00000000   Code   RO         1164    .ARM.Collect$$libshutdown$$00000002  c_w.l(libshutdown2.o)
    0x080002ca   0x080002ca   0x00000004   Code   RO         1165    .ARM.Collect$$libshutdown$$00000003  c_w.l(libshutdown2.o)
    0x080002ce   0x080002ce   0x00000000   Code   RO         1166    .ARM.Collect$$libshutdown$$00000004  c_w.l(libshutdown2.o)
    0x080002ce   0x080002ce   0x00000000   Code   RO         1169    .ARM.Collect$$libshutdown$$00000007  c_w.l(libshutdown2.o)
    0x080002ce   0x080002ce   0x00000000   Code   RO         1172    .ARM.Collect$$libshutdown$$0000000A  c_w.l(libshutdown2.o)
    0x080002ce   0x080002ce   0x00000000   Code   RO         1174    .ARM.Collect$$libshutdown$$0000000C  c_w.l(libshutdown2.o)
    0x080002ce   0x080002ce   0x00000000   Code   RO         1177    .ARM.Collect$$libshutdown$$0000000F  c_w.l(libshutdown2.o)
    0x080002ce   0x080002ce   0x00000002   Code   RO         1178    .ARM.Collect$$libshutdown$$00000010  c_w.l(libshutdown2.o)
    0x080002d0   0x080002d0   0x00000000   Code   RO          800    .ARM.Collect$$rtentry$$00000000  c_w.l(__rtentry.o)
    0x080002d0   0x080002d0   0x00000000   Code   RO         1011    .ARM.Collect$$rtentry$$00000002  c_w.l(__rtentry2.o)
    0x080002d0   0x080002d0   0x00000006   Code   RO         1023    .ARM.Collect$$rtentry$$00000004  c_w.l(__rtentry4.o)
    0x080002d6   0x080002d6   0x00000000   Code   RO         1013    .ARM.Collect$$rtentry$$00000009  c_w.l(__rtentry2.o)
    0x080002d6   0x080002d6   0x00000004   Code   RO         1014    .ARM.Collect$$rtentry$$0000000A  c_w.l(__rtentry2.o)
    0x080002da   0x080002da   0x00000000   Code   RO         1016    .ARM.Collect$$rtentry$$0000000C  c_w.l(__rtentry2.o)
    0x080002da   0x080002da   0x00000008   Code   RO         1017    .ARM.Collect$$rtentry$$0000000D  c_w.l(__rtentry2.o)
    0x080002e2   0x080002e2   0x00000002   Code   RO         1189    .ARM.Collect$$rtexit$$00000000  c_w.l(rtexit.o)
    0x080002e4   0x080002e4   0x00000000   Code   RO         1223    .ARM.Collect$$rtexit$$00000002  c_w.l(rtexit2.o)
    0x080002e4   0x080002e4   0x00000004   Code   RO         1224    .ARM.Collect$$rtexit$$00000003  c_w.l(rtexit2.o)
    0x080002e8   0x080002e8   0x00000006   Code   RO         1225    .ARM.Collect$$rtexit$$00000004  c_w.l(rtexit2.o)
    0x080002ee   0x080002ee   0x00000002   PAD
    0x080002f0   0x080002f0   0x0000000c   Code   RO           66    .text               delay_cycles.o
    0x080002fc   0x080002fc   0x00000040   Code   RO          684  * .text               startup_stm32f401xe.o
    0x0800033c   0x0800033c   0x0000005e   Code   RO          708    .text               c_w.l(h1_alloc.o)
    0x0800039a   0x0800039a   0x00000002   PAD
    0x0800039c   0x0800039c   0x00000018   Code   RO          762    .text               c_w.l(printf.o)
    0x080003b4   0x080003b4   0x0000002c   Code   RO          764    .text               c_w.l(sprintf.o)
    0x080003e0   0x080003e0   0x0000007c   Code   RO          766    .text               c_w.l(strcmpv7em.o)
    0x0800045c   0x0800045c   0x00000006   Code   RO          768    .text               c_w.l(heapauxi.o)
    0x08000462   0x08000462   0x00000002   PAD
    0x08000464   0x08000464   0x00000008   Code   RO          804    .text               c_w.l(rt_heap_descriptor_intlibspace.o)
    0x0800046c   0x0800046c   0x00000004   Code   RO          806    .text               c_w.l(hguard.o)
    0x08000470   0x08000470   0x0000008a   Code   RO          808    .text               c_w.l(init_alloc.o)
    0x080004fa   0x080004fa   0x0000000e   Code   RO          814    .text               c_w.l(h1_init.o)
    0x08000508   0x08000508   0x0000004e   Code   RO          816    .text               c_w.l(h1_free.o)
    0x08000556   0x08000556   0x0000004e   Code   RO          832    .text               c_w.l(_printf_pad.o)
    0x080005a4   0x080005a4   0x00000024   Code   RO          834    .text               c_w.l(_printf_truncate.o)
    0x080005c8   0x080005c8   0x00000052   Code   RO          836    .text               c_w.l(_printf_str.o)
    0x0800061a   0x0800061a   0x00000002   PAD
    0x0800061c   0x0800061c   0x00000078   Code   RO          838    .text               c_w.l(_printf_dec.o)
    0x08000694   0x08000694   0x00000028   Code   RO          840    .text               c_w.l(_printf_charcount.o)
    0x080006bc   0x080006bc   0x00000030   Code   RO          842    .text               c_w.l(_printf_char_common.o)
    0x080006ec   0x080006ec   0x0000000a   Code   RO          844    .text               c_w.l(_sputc.o)
    0x080006f6   0x080006f6   0x00000002   PAD
    0x080006f8   0x080006f8   0x00000024   Code   RO          846    .text               c_w.l(_printf_char_file.o)
    0x0800071c   0x0800071c   0x000000bc   Code   RO          848    .text               c_w.l(_printf_wctomb.o)
    0x080007d8   0x080007d8   0x0000007c   Code   RO          851    .text               c_w.l(_printf_longlong_dec.o)
    0x08000854   0x08000854   0x00000070   Code   RO          857    .text               c_w.l(_printf_oct_int_ll.o)
    0x080008c4   0x080008c4   0x00000094   Code   RO          877    .text               c_w.l(_printf_hex_int_ll_ptr.o)
    0x08000958   0x08000958   0x00000188   Code   RO          897    .text               c_w.l(__printf_flags_ss_wp.o)
    0x08000ae0   0x08000ae0   0x00000008   Code   RO         1007    .text               c_w.l(libspace.o)
    0x08000ae8   0x08000ae8   0x00000000   Code   RO         1027    .text               c_w.l(maybetermalloc1.o)
    0x08000ae8   0x08000ae8   0x00000034   Code   RO         1029    .text               c_w.l(h1_extend.o)
    0x08000b1c   0x08000b1c   0x0000008a   Code   RO         1033    .text               c_w.l(lludiv10.o)
    0x08000ba6   0x08000ba6   0x000000b2   Code   RO         1035    .text               c_w.l(_printf_intcommon.o)
    0x08000c58   0x08000c58   0x0000041c   Code   RO         1037    .text               c_w.l(_printf_fp_dec.o)
    0x08001074   0x08001074   0x000002fc   Code   RO         1041    .text               c_w.l(_printf_fp_hex.o)
    0x08001370   0x08001370   0x0000002c   Code   RO         1046    .text               c_w.l(_printf_char.o)
    0x0800139c   0x0800139c   0x0000002c   Code   RO         1048    .text               c_w.l(_printf_wchar.o)
    0x080013c8   0x080013c8   0x00000008   Code   RO         1051    .text               c_w.l(ferror.o)
    0x080013d0   0x080013d0   0x00000138   Code   RO         1057    .text               c_w.l(initio.o)
    0x08001508   0x08001508   0x00000048   Code   RO         1065    .text               c_w.l(_c16rtomb.o)
    0x08001550   0x08001550   0x0000000e   Code   RO         1067    .text               c_w.l(defsig_rtmem_outer.o)
    0x0800155e   0x0800155e   0x00000002   Code   RO         1080    .text               c_w.l(use_no_semi.o)
    0x08001560   0x08001560   0x00000000   Code   RO         1082    .text               c_w.l(indicate_semi.o)
    0x08001560   0x08001560   0x0000004a   Code   RO         1083    .text               c_w.l(sys_stackheap_outer.o)
    0x080015aa   0x080015aa   0x00000002   PAD
    0x080015ac   0x080015ac   0x00000010   Code   RO         1085    .text               c_w.l(rt_ctype_table.o)
    0x080015bc   0x080015bc   0x00000008   Code   RO         1092    .text               c_w.l(rt_locale_intlibspace.o)
    0x080015c4   0x080015c4   0x00000080   Code   RO         1096    .text               c_w.l(_printf_fp_infnan.o)
    0x08001644   0x08001644   0x000000e4   Code   RO         1098    .text               c_w.l(bigflt0.o)
    0x08001728   0x08001728   0x000001e2   Code   RO         1125    .text               c_w.l(flsbuf.o)
    0x0800190a   0x0800190a   0x00000046   Code   RO         1127    .text               c_w.l(setvbuf.o)
    0x08001950   0x08001950   0x000000f0   Code   RO         1130    .text               c_w.l(fopen.o)
    0x08001a40   0x08001a40   0x0000004c   Code   RO         1132    .text               c_w.l(fclose.o)
    0x08001a8c   0x08001a8c   0x00000012   Code   RO         1141    .text               c_w.l(exit.o)
    0x08001a9e   0x08001a9e   0x0000000a   Code   RO         1143    .text               c_w.l(defsig_exit.o)
    0x08001aa8   0x08001aa8   0x0000000e   Code   RO         1145    .text               c_w.l(defsig_rtred_outer.o)
    0x08001ab6   0x08001ab6   0x00000002   PAD
    0x08001ab8   0x08001ab8   0x00000050   Code   RO         1149    .text               c_w.l(defsig_rtmem_inner.o)
    0x08001b08   0x08001b08   0x0000004e   Code   RO         1151    .text               c_w.l(rt_memclr_w.o)
    0x08001b56   0x08001b56   0x00000002   PAD
    0x08001b58   0x08001b58   0x0000000c   Code   RO         1185    .text               c_w.l(sys_exit.o)
    0x08001b64   0x08001b64   0x000000f8   Code   RO         1199    .text               c_w.l(fseek.o)
    0x08001c5c   0x08001c5c   0x00000108   Code   RO         1201    .text               c_w.l(stdio.o)
    0x08001d64   0x08001d64   0x00000032   Code   RO         1212    .text               c_w.l(defsig_general.o)
    0x08001d96   0x08001d96   0x00000002   PAD
    0x08001d98   0x08001d98   0x00000034   Code   RO         1214    .text               c_w.l(defsig_rtred_inner.o)
    0x08001dcc   0x08001dcc   0x0000000e   Code   RO         1218    .text               c_w.l(sys_wrch.o)
    0x08001dda   0x08001dda   0x00000042   Code   RO         1235    .text               c_w.l(ftell.o)
    0x08001e1c   0x08001e1c   0x00000008   Code   RO         1248    .text               c_w.l(rt_errno_addr_intlibspace.o)
    0x08001e24   0x08001e24   0x00000052   Code   RO            6    .text.DHT11_check_response  lab3.o
    0x08001e76   0x08001e76   0x00000002   PAD
    0x08001e78   0x08001e78   0x0000000c   Code   RO            2    .text.DHT11_init    lab3.o
    0x08001e84   0x08001e84   0x0000008c   Code   RO            8    .text.DHT11_read    lab3.o
    0x08001f10   0x08001f10   0x00000038   Code   RO            4    .text.DHT11_start   lab3.o
    0x08001f48   0x08001f48   0x00000110   Code   RO           10    .text.DHT_GetTemperature  lab3.o
    0x08002058   0x08002058   0x00000084   Code   RO          168    .text.EXTI0_IRQHandler  gpio.o
    0x080020dc   0x080020dc   0x00000084   Code   RO          182    .text.EXTI15_10_IRQHandler  gpio.o
    0x08002160   0x08002160   0x00000084   Code   RO          172    .text.EXTI1_IRQHandler  gpio.o
    0x080021e4   0x080021e4   0x00000084   Code   RO          174    .text.EXTI2_IRQHandler  gpio.o
    0x08002268   0x08002268   0x00000084   Code   RO          176    .text.EXTI3_IRQHandler  gpio.o
    0x080022ec   0x080022ec   0x00000084   Code   RO          178    .text.EXTI4_IRQHandler  gpio.o
    0x08002370   0x08002370   0x00000084   Code   RO          180    .text.EXTI9_5_IRQHandler  gpio.o
    0x080023f4   0x080023f4   0x000000f6   Code   RO          324    .text.GPIO_Init     stm32f4xx_gpio.o
    0x080024ea   0x080024ea   0x00000002   PAD
    0x080024ec   0x080024ec   0x00000072   Code   RO          348    .text.GPIO_PinAFConfig  stm32f4xx_gpio.o
    0x0800255e   0x0800255e   0x00000002   PAD
    0x08002560   0x08002560   0x00000042   Code   RO          646    .text.ITM_SendChar  retarget_io.o
    0x080025a2   0x080025a2   0x00000002   PAD
    0x080025a4   0x080025a4   0x0000006c   Code   RO          162    .text.NVIC_EncodePriority  gpio.o
    0x08002610   0x08002610   0x0000006c   Code   RO          597    .text.NVIC_EncodePriority  timer.o
    0x0800267c   0x0800267c   0x00000038   Code   RO          480    .text.RCC_AHB1PeriphClockCmd  stm32f4xx_rcc.o
    0x080026b4   0x080026b4   0x00000038   Code   RO          486    .text.RCC_APB1PeriphClockCmd  stm32f4xx_rcc.o
    0x080026ec   0x080026ec   0x00000162   Code   RO          470    .text.RCC_GetClocksFreq  stm32f4xx_rcc.o
    0x0800284e   0x0800284e   0x00000002   PAD
    0x08002850   0x08002850   0x00000052   Code   RO          593    .text.SysTick_Config  timer.o
    0x080028a2   0x080028a2   0x00000002   PAD
    0x080028a4   0x080028a4   0x00000010   Code   RO          607    .text.SysTick_Handler  timer.o
    0x080028b4   0x080028b4   0x00000012   Code   RO          691    .text.SystemInit    system_stm32f4xx.o
    0x080028c6   0x080028c6   0x00000002   PAD
    0x080028c8   0x080028c8   0x00000036   Code   RO          636    .text.USART2_IRQHandler  uart.o
    0x080028fe   0x080028fe   0x00000002   PAD
    0x08002900   0x08002900   0x0000002e   Code   RO          536    .text.USART_Cmd     stm32f4xx_usart.o
    0x0800292e   0x0800292e   0x00000002   PAD
    0x08002930   0x08002930   0x00000042   Code   RO          576    .text.USART_GetFlagStatus  stm32f4xx_usart.o
    0x08002972   0x08002972   0x00000002   PAD
    0x08002974   0x08002974   0x0000016a   Code   RO          528    .text.USART_Init    stm32f4xx_usart.o
    0x08002ade   0x08002ade   0x00000002   PAD
    0x08002ae0   0x08002ae0   0x00000010   Code   RO          546    .text.USART_ReceiveData  stm32f4xx_usart.o
    0x08002af0   0x08002af0   0x00000018   Code   RO          544    .text.USART_SendData  stm32f4xx_usart.o
    0x08002b08   0x08002b08   0x00000030   Code   RO          170    .text.__NVIC_ClearPendingIRQ  gpio.o
    0x08002b38   0x08002b38   0x00000030   Code   RO          630    .text.__NVIC_ClearPendingIRQ  uart.o
    0x08002b68   0x08002b68   0x00000038   Code   RO           30    .text.__NVIC_DisableIRQ  lab3.o
    0x08002ba0   0x08002ba0   0x00000030   Code   RO          166    .text.__NVIC_EnableIRQ  gpio.o
    0x08002bd0   0x08002bd0   0x00000030   Code   RO          632    .text.__NVIC_EnableIRQ  uart.o
    0x08002c00   0x08002c00   0x00000010   Code   RO          160    .text.__NVIC_GetPriorityGrouping  gpio.o
    0x08002c10   0x08002c10   0x00000010   Code   RO          599    .text.__NVIC_GetPriorityGrouping  timer.o
    0x08002c20   0x08002c20   0x00000042   Code   RO           28    .text.__NVIC_SetPriority  lab3.o
    0x08002c62   0x08002c62   0x00000002   PAD
    0x08002c64   0x08002c64   0x00000042   Code   RO          164    .text.__NVIC_SetPriority  gpio.o
    0x08002ca6   0x08002ca6   0x00000002   PAD
    0x08002ca8   0x08002ca8   0x00000042   Code   RO          595    .text.__NVIC_SetPriority  timer.o
    0x08002cea   0x08002cea   0x00000002   PAD
    0x08002cec   0x08002cec   0x00000042   Code   RO          628    .text.__NVIC_SetPriority  uart.o
    0x08002d2e   0x08002d2e   0x00000002   PAD
    0x08002d30   0x08002d30   0x0000004a   Code   RO          652    .text._sys_close    retarget_io.o
    0x08002d7a   0x08002d7a   0x00000002   PAD
    0x08002d7c   0x08002d7c   0x00000048   Code   RO          668    .text._sys_flen     retarget_io.o
    0x08002dc4   0x08002dc4   0x00000048   Code   RO          664    .text._sys_istty    retarget_io.o
    0x08002e0c   0x08002e0c   0x00000084   Code   RO          650    .text._sys_open     retarget_io.o
    0x08002e90   0x08002e90   0x00000052   Code   RO          666    .text._sys_seek     retarget_io.o
    0x08002ee2   0x08002ee2   0x00000002   PAD
    0x08002ee4   0x08002ee4   0x00000098   Code   RO          654    .text._sys_write    retarget_io.o
    0x08002f7c   0x08002f7c   0x000000e6   Code   RO           18    .text.button_isr    lab3.o
    0x08003062   0x08003062   0x00000006   PAD
    0x08003068   0x08003068   0x000000a8   Code   RO           24    .text.control_led_temp  lab3.o
    0x08003110   0x08003110   0x0000007a   Code   RO           58    .text.delay_us      delay.o
    0x0800318a   0x0800318a   0x00000002   PAD
    0x0800318c   0x0800318c   0x0000002a   Code   RO          148    .text.gpio_get      gpio.o
    0x080031b6   0x080031b6   0x00000002   PAD
    0x080031b8   0x080031b8   0x00000036   Code   RO          146    .text.gpio_set      gpio.o
    0x080031ee   0x080031ee   0x00000002   PAD
    0x080031f0   0x080031f0   0x00000352   Code   RO          158    .text.gpio_set_callback  gpio.o
    0x08003542   0x08003542   0x00000002   PAD
    0x08003544   0x08003544   0x00000142   Code   RO          154    .text.gpio_set_mode  gpio.o
    0x08003686   0x08003686   0x00000002   PAD
    0x08003688   0x08003688   0x000000ac   Code   RO          156    .text.gpio_set_trigger  gpio.o
    0x08003734   0x08003734   0x00000020   Code   RO          144    .text.gpio_toggle   gpio.o
    0x08003754   0x08003754   0x0000002c   Code   RO          211    .text.leds_init     leds.o
    0x08003780   0x08003780   0x00000038   Code   RO          213    .text.leds_set      leds.o
    0x080037b8   0x080037b8   0x000002fa   Code   RO           26    .text.main          lab3.o
    0x08003ab2   0x08003ab2   0x00000002   PAD
    0x08003ab4   0x08003ab4   0x00000044   Code   RO          228    .text.queue_dequeue  queue.o
    0x08003af8   0x08003af8   0x0000004e   Code   RO          224    .text.queue_enqueue  queue.o
    0x08003b46   0x08003b46   0x00000002   PAD
    0x08003b48   0x08003b48   0x00000030   Code   RO          222    .text.queue_init    queue.o
    0x08003b78   0x08003b78   0x00000016   Code   RO          230    .text.queue_is_empty  queue.o
    0x08003b8e   0x08003b8e   0x00000002   PAD
    0x08003b90   0x08003b90   0x00000022   Code   RO          226    .text.queue_is_full  queue.o
    0x08003bb2   0x08003bb2   0x00000002   PAD
    0x08003bb4   0x08003bb4   0x00000010   Code   RO          658    .text.stderr_putchar  retarget_io.o
    0x08003bc4   0x08003bc4   0x00000010   Code   RO          656    .text.stdout_putchar  retarget_io.o
    0x08003bd4   0x08003bd4   0x00000010   Code   RO           22    .text.timer_callback_isr  lab3.o
    0x08003be4   0x08003be4   0x0000000e   Code   RO          601    .text.timer_enable  timer.o
    0x08003bf2   0x08003bf2   0x00000006   PAD
    0x08003bf8   0x08003bf8   0x00000068   Code   RO          591    .text.timer_init    timer.o
    0x08003c60   0x08003c60   0x00000014   Code   RO          605    .text.timer_set_callback  timer.o
    0x08003c74   0x08003c74   0x000000f2   Code   RO           16    .text.toggle_led_isr  lab3.o
    0x08003d66   0x08003d66   0x00000002   PAD
    0x08003d68   0x08003d68   0x00000026   Code   RO           14    .text.turn_off_led_isr  lab3.o
    0x08003d8e   0x08003d8e   0x00000002   PAD
    0x08003d90   0x08003d90   0x00000026   Code   RO           12    .text.turn_on_led_isr  lab3.o
    0x08003db6   0x08003db6   0x00000002   PAD
    0x08003db8   0x08003db8   0x00000012   Code   RO          620    .text.uart_enable   uart.o
    0x08003dca   0x08003dca   0x00000002   PAD
    0x08003dcc   0x08003dcc   0x0000008a   Code   RO          618    .text.uart_init     uart.o
    0x08003e56   0x08003e56   0x00000002   PAD
    0x08003e58   0x08003e58   0x00000022   Code   RO          622    .text.uart_print    uart.o
    0x08003e7a   0x08003e7a   0x00000002   PAD
    0x08003e7c   0x08003e7c   0x00000032   Code   RO          634    .text.uart_rx       uart.o
    0x08003eae   0x08003eae   0x00000002   PAD
    0x08003eb0   0x08003eb0   0x00000188   Code   RO           20    .text.uart_rx_isr   lab3.o
    0x08004038   0x08004038   0x0000003e   Code   RO          626    .text.uart_set_rx_callback  uart.o
    0x08004076   0x08004076   0x00000002   PAD
    0x08004078   0x08004078   0x00000032   Code   RO          624    .text.uart_tx       uart.o
    0x080040aa   0x080040aa   0x0000003e   Code   RO         1101    CL$$btod_d2e        c_w.l(btod.o)
    0x080040e8   0x080040e8   0x00000046   Code   RO         1103    CL$$btod_d2e_denorm_low  c_w.l(btod.o)
    0x0800412e   0x0800412e   0x00000060   Code   RO         1102    CL$$btod_d2e_norm_op1  c_w.l(btod.o)
    0x0800418e   0x0800418e   0x00000002   PAD
    0x08004190   0x08004190   0x00000338   Code   RO         1111    CL$$btod_div_common  c_w.l(btod.o)
    0x080044c8   0x080044c8   0x000000dc   Code   RO         1108    CL$$btod_e2e        c_w.l(btod.o)
    0x080045a4   0x080045a4   0x0000002a   Code   RO         1105    CL$$btod_ediv       c_w.l(btod.o)
    0x080045ce   0x080045ce   0x0000002a   Code   RO         1104    CL$$btod_emul       c_w.l(btod.o)
    0x080045f8   0x080045f8   0x00000244   Code   RO         1110    CL$$btod_mult_common  c_w.l(btod.o)
    0x0800483c   0x0800483c   0x00000030   Code   RO         1183    i.__ARM_fpclassify  m_wm.l(fpclassify.o)
    0x0800486c   0x0800486c   0x0000000e   Code   RO          890    i._is_digit         c_w.l(__printf_wp.o)
    0x0800487a   0x0800487a   0x0000001c   Code   RO         1054    i.fputc             c_w.l(fputc.o)
    0x08004896   0x08004896   0x00000002   PAD
    0x08004898   0x08004898   0x0000002c   Code   RO         1139    locale$$code        c_w.l(lc_numeric_c.o)
    0x080048c4   0x080048c4   0x0000002c   Code   RO         1208    locale$$code        c_w.l(lc_ctype_c.o)
    0x080048f0   0x080048f0   0x00000062   Code   RO          772    x$fpl$d2f           fz_wm.l(d2f.o)
    0x08004952   0x08004952   0x00000002   PAD
    0x08004954   0x08004954   0x00000150   Code   RO          774    x$fpl$dadd          fz_wm.l(daddsub_clz.o)
    0x08004aa4   0x08004aa4   0x00000018   Code   RO         1076    x$fpl$dcmpinf       fz_wm.l(dcmpi.o)
    0x08004abc   0x08004abc   0x000002b4   Code   RO          783    x$fpl$ddiv          fz_wm.l(ddiv.o)
    0x08004d70   0x08004d70   0x00000078   Code   RO          980    x$fpl$deqf          fz_wm.l(deqf.o)
    0x08004de8   0x08004de8   0x0000005a   Code   RO          786    x$fpl$dfixu         fz_wm.l(dfixu.o)
    0x08004e42   0x08004e42   0x0000002e   Code   RO          791    x$fpl$dflt          fz_wm.l(dflt_clz.o)
    0x08004e70   0x08004e70   0x00000026   Code   RO          790    x$fpl$dfltu         fz_wm.l(dflt_clz.o)
    0x08004e96   0x08004e96   0x00000002   PAD
    0x08004e98   0x08004e98   0x00000078   Code   RO          982    x$fpl$dgeqf         fz_wm.l(dgeqf.o)
    0x08004f10   0x08004f10   0x00000078   Code   RO          984    x$fpl$dleqf         fz_wm.l(dleqf.o)
    0x08004f88   0x08004f88   0x0000009c   Code   RO          986    x$fpl$dnaninf       fz_wm.l(dnaninf.o)
    0x08005024   0x08005024   0x0000000c   Code   RO          988    x$fpl$dretinf       fz_wm.l(dretinf.o)
    0x08005030   0x08005030   0x000001dc   Code   RO          776    x$fpl$dsub          fz_wm.l(daddsub_clz.o)
    0x0800520c   0x0800520c   0x00000056   Code   RO          796    x$fpl$f2d           fz_wm.l(f2d.o)
    0x08005262   0x08005262   0x00000054   Code   RO          780    x$fpl$fcmp          fz_wm.l(dcmp.o)
    0x080052b6   0x080052b6   0x0000008c   Code   RO          990    x$fpl$fnaninf       fz_wm.l(fnaninf.o)
    0x08005342   0x08005342   0x0000001a   Code   RO         1078    x$fpl$fpinit        fz_wm.l(fpinit.o)
    0x0800535c   0x0800535c   0x0000000a   Code   RO          992    x$fpl$fretinf       fz_wm.l(fretinf.o)
    0x08005366   0x08005366   0x00000004   Code   RO          994    x$fpl$printf1       fz_wm.l(printf1.o)
    0x0800536a   0x0800536a   0x00000004   Code   RO          996    x$fpl$printf2       fz_wm.l(printf2.o)
    0x0800536e   0x0800536e   0x00000000   Code   RO         1002    x$fpl$usenofp       fz_wm.l(usenofp.o)
    0x0800536e   0x0800536e   0x00000002   PAD
    0x08005370   0x08005370   0x00000008   Data   RO          849    .constdata          c_w.l(_printf_wctomb.o)
    0x08005378   0x08005378   0x00000028   Data   RO          878    .constdata          c_w.l(_printf_hex_int_ll_ptr.o)
    0x080053a0   0x080053a0   0x00000011   Data   RO          898    .constdata          c_w.l(__printf_flags_ss_wp.o)
    0x080053b1   0x080053b1   0x00000026   Data   RO         1042    .constdata          c_w.l(_printf_fp_hex.o)
    0x080053d7   0x080053d7   0x00000001   PAD
    0x080053d8   0x080053d8   0x00000094   Data   RO         1099    .constdata          c_w.l(bigflt0.o)
    0x0800546c   0x0800546c   0x00000010   Data   RO          518    .rodata.APBAHBPrescTable  stm32f4xx_rcc.o
    0x0800547c   0x0800547c   0x00000008   Data   RO          673    .rodata.__stderr_name  retarget_io.o
    0x08005484   0x08005484   0x00000007   Data   RO          671    .rodata.__stdin_name  retarget_io.o
    0x0800548b   0x0800548b   0x00000008   Data   RO          672    .rodata.__stdout_name  retarget_io.o
    0x08005493   0x08005493   0x0000021a   Data   RO           40    .rodata.str1.1      lab3.o
    0x080056ad   0x080056ad   0x00000017   Data   RO          674    .rodata.str1.1      retarget_io.o
    0x080056c4   0x080056c4   0x00000020   Data   RO         1268    Region$$Table       anon$$obj.o
    0x080056e4   0x080056e4   0x0000001c   Data   RO         1138    locale$$data        c_w.l(lc_numeric_c.o)
    0x08005700   0x08005700   0x00000110   Data   RO         1207    locale$$data        c_w.l(lc_ctype_c.o)


    Execution Region ER_RW (Exec base: 0x20000000, Load base: 0x08005810, Size: 0x00000020, Max: 0xffffffff, ABSOLUTE)

    Exec Addr    Load Addr    Size         Type   Attr      Idx    E Section Name        Object

    0x20000000   0x08005810   0x00000004   Data   RW          926    .data               c_w.l(stdio_streams.o)
    0x20000004   0x08005814   0x00000004   Data   RW          927    .data               c_w.l(stdio_streams.o)
    0x20000008   0x08005818   0x00000004   Data   RW          928    .data               c_w.l(stdio_streams.o)
    0x2000000c   0x0800581c   0x00000004   Data   RW          695    .data.SystemCoreClock  system_stm32f4xx.o
    0x20000010   0x08005820   0x00000004   Data   RW           41    .data.counter       lab3.o
    0x20000014   0x08005824   0x00000001   Data   RW           46    .data.first_time_aem  lab3.o
    0x20000015   0x08005825   0x00000003   PAD
    0x20000018   0x08005828   0x00000004   Data   RW           43    .data.mode          lab3.o
    0x2000001c   0x0800582c   0x00000004   Data   RW           32    .data.period        lab3.o


    Execution Region ER_ZI (Exec base: 0x20000020, Load base: 0x08005830, Size: 0x000007b0, Max: 0xffffffff, ABSOLUTE)

    Exec Addr    Load Addr    Size         Type   Attr      Idx    E Section Name        Object

    0x20000020        -       0x00000054   Zero   RW          923    .bss                c_w.l(stdio_streams.o)
    0x20000074        -       0x00000054   Zero   RW          924    .bss                c_w.l(stdio_streams.o)
    0x200000c8        -       0x00000054   Zero   RW          925    .bss                c_w.l(stdio_streams.o)
    0x2000011c        -       0x00000060   Zero   RW         1008    .bss                c_w.l(libspace.o)
    0x2000017c        -       0x00000004   Zero   RW          187    .bss.EXTI_port_set  gpio.o
    0x20000180        -       0x00000004   Zero   RW          188    .bss.GPIO_callback  gpio.o
    0x20000184        -       0x00000004   Zero   RW          186    .bss.IRQ_pin_index  gpio.o
    0x20000188        -       0x00000004   Zero   RW          185    .bss.IRQ_port_num   gpio.o
    0x2000018c        -       0x00000004   Zero   RW          184    .bss.IRQ_status     gpio.o
    0x20000190        -       0x00000001   Zero   RW           36    .bss.Rh_1           lab3.o
    0x20000191        -       0x00000001   Zero   RW           37    .bss.Rh_2           lab3.o
    0x20000192        -       0x00000001   Zero   RW           38    .bss.Temp_1         lab3.o
    0x20000193        -       0x00000001   Zero   RW           39    .bss.Temp_2         lab3.o
    0x20000194        -       0x00000004   Zero   RW          638    .bss.UART_callback  uart.o
    0x20000198        -       0x00000004   Zero   RW           42    .bss.count_butt     lab3.o
    0x2000019c        -       0x00000001   Zero   RW           45    .bss.last_index     lab3.o
    0x2000019d   0x08005830   0x00000003   PAD
    0x200001a0        -       0x00000004   Zero   RW          190    .bss.priority       gpio.o
    0x200001a4        -       0x00000004   Zero   RW          189    .bss.prioritygroup  gpio.o
    0x200001a8        -       0x00000001   Zero   RW           34    .bss.response_from_dht  lab3.o
    0x200001a9   0x08005830   0x00000003   PAD
    0x200001ac        -       0x00000010   Zero   RW           47    .bss.rx_queue       lab3.o
    0x200001bc        -       0x00000001   Zero   RW           35    .bss.sum_byte5      lab3.o
    0x200001bd   0x08005830   0x00000003   PAD
    0x200001c0        -       0x00000004   Zero   RW           33    .bss.sum_last_digits  lab3.o
    0x200001c4        -       0x00000004   Zero   RW          609    .bss.timer_callback  timer.o
    0x200001c8        -       0x00000006   Zero   RW           44    .bss.uart_input     lab3.o
    0x200001ce   0x08005830   0x00000002   PAD
    0x200001d0        -       0x00000200   Zero   RW          682    HEAP                startup_stm32f401xe.o
    0x200003d0        -       0x00000400   Zero   RW          681    STACK               startup_stm32f401xe.o


==============================================================================

Image component sizes


      Code (inc. data)   RO Data    RW Data    ZI Data      Debug   Object Name

       122          0          0          0          0        752   delay.o
        12          0          0          0          0        327   delay_cycles.o
      2682         38          0          0         28       9702   gpio.o
      2570         32        538         13         37       8294   lab3.o
       100          0          0          0          0       1429   leds.o
       250          0          0          0          0       1396   queue.o
       682          0         46          0          0       3267   retarget_io.o
        64         26        404          0       1536        868   startup_stm32f401xe.o
       360          0          0          0          0       4398   stm32f4xx_gpio.o
       466          0         16          0          0       9237   stm32f4xx_rcc.o
       514          0          0          0          0       6993   stm32f4xx_usart.o
        18          0          0          4          0       2647   system_stm32f4xx.o
       426          8          0          0          4       4744   timer.o
       568          0          0          0          4       6072   uart.o

    ----------------------------------------------------------------------
      8914        104       1036         20       1620      60126   Object Totals
         0          0         32          0          0          0   (incl. Generated)
        80          0          0          3         11          0   (incl. Padding)

    ----------------------------------------------------------------------

      Code (inc. data)   RO Data    RW Data    ZI Data      Debug   Library Member Name

         8          0          0          0          0         68   __main.o
       392          4         17          0          0         92   __printf_flags_ss_wp.o
        14          0          0          0          0         68   __printf_wp.o
         0          0          0          0          0          0   __rtentry.o
        12          0          0          0          0          0   __rtentry2.o
         6          0          0          0          0          0   __rtentry4.o
        52          8          0          0          0          0   __scatter.o
        26          0          0          0          0          0   __scatter_copy.o
        28          0          0          0          0          0   __scatter_zi.o
        72          0          0          0          0         96   _c16rtomb.o
         6          0          0          0          0          0   _printf_a.o
         6          0          0          0          0          0   _printf_c.o
        44          0          0          0          0        108   _printf_char.o
        48          6          0          0          0         96   _printf_char_common.o
        36          4          0          0          0         80   _printf_char_file.o
        40          0          0          0          0         68   _printf_charcount.o
         6          0          0          0          0          0   _printf_d.o
       120         16          0          0          0         92   _printf_dec.o
         6          0          0          0          0          0   _printf_e.o
         6          0          0          0          0          0   _printf_f.o
      1052          0          0          0          0        148   _printf_fp_dec.o
       764          8         38          0          0        100   _printf_fp_hex.o
       128         16          0          0          0         84   _printf_fp_infnan.o
         6          0          0          0          0          0   _printf_g.o
       148          4         40          0          0        160   _printf_hex_int_ll_ptr.o
         6          0          0          0          0          0   _printf_i.o
       178          0          0          0          0         88   _printf_intcommon.o
        10          0          0          0          0          0   _printf_l.o
         6          0          0          0          0          0   _printf_lc.o
        10          0          0          0          0          0   _printf_ll.o
         6          0          0          0          0          0   _printf_lld.o
         6          0          0          0          0          0   _printf_lli.o
         6          0          0          0          0          0   _printf_llo.o
         6          0          0          0          0          0   _printf_llu.o
         6          0          0          0          0          0   _printf_llx.o
       124         16          0          0          0         92   _printf_longlong_dec.o
         6          0          0          0          0          0   _printf_ls.o
         6          0          0          0          0          0   _printf_n.o
         6          0          0          0          0          0   _printf_o.o
       112          8          0          0          0        124   _printf_oct_int_ll.o
         6          0          0          0          0          0   _printf_p.o
        78          0          0          0          0        108   _printf_pad.o
         0          0          0          0          0          0   _printf_percent.o
         4          0          0          0          0          0   _printf_percent_end.o
         6          0          0          0          0          0   _printf_s.o
        82          0          0          0          0         80   _printf_str.o
        36          0          0          0          0         84   _printf_truncate.o
         6          0          0          0          0          0   _printf_u.o
        44          0          0          0          0        108   _printf_wchar.o
       188          6          8          0          0         92   _printf_wctomb.o
         6          0          0          0          0          0   _printf_x.o
        10          0          0          0          0         68   _sputc.o
       228          4        148          0          0         96   bigflt0.o
      1936        128          0          0          0        668   btod.o
        10          0          0          0          0         68   defsig_exit.o
        50          0          0          0          0         88   defsig_general.o
        80         58          0          0          0         76   defsig_rtmem_inner.o
        14          0          0          0          0         80   defsig_rtmem_outer.o
        52         38          0          0          0         76   defsig_rtred_inner.o
        14          0          0          0          0         80   defsig_rtred_outer.o
        18          0          0          0          0         80   exit.o
        76          0          0          0          0         88   fclose.o
         8          0          0          0          0         68   ferror.o
       482          0          0          0          0         92   flsbuf.o
       240          6          0          0          0        128   fopen.o
        28          0          0          0          0         68   fputc.o
       248          6          0          0          0         84   fseek.o
        66          0          0          0          0         76   ftell.o
        94          0          0          0          0         80   h1_alloc.o
        52          0          0          0          0         68   h1_extend.o
        78          0          0          0          0         80   h1_free.o
        14          0          0          0          0         84   h1_init.o
         6          0          0          0          0        152   heapauxi.o
         4          0          0          0          0        136   hguard.o
         0          0          0          0          0          0   indicate_semi.o
       138          0          0          0          0        168   init_alloc.o
       312         46          0          0          0        112   initio.o
        44         10        272          0          0         76   lc_ctype_c.o
        44         10         28          0          0         76   lc_numeric_c.o
         2          0          0          0          0          0   libinit.o
        46          0          0          0          0          0   libinit2.o
         2          0          0          0          0          0   libshutdown.o
         6          0          0          0          0          0   libshutdown2.o
         8          4          0          0         96         68   libspace.o
       138          0          0          0          0         80   lludiv10.o
         0          0          0          0          0          0   maybetermalloc1.o
        24          4          0          0          0         84   printf.o
        16          4          0          0          0         76   rt_ctype_table.o
         8          4          0          0          0         68   rt_errno_addr_intlibspace.o
         8          4          0          0          0         68   rt_heap_descriptor_intlibspace.o
         8          4          0          0          0         68   rt_locale_intlibspace.o
        78          0          0          0          0         80   rt_memclr_w.o
         2          0          0          0          0          0   rtexit.o
        10          0          0          0          0          0   rtexit2.o
        70          0          0          0          0         80   setvbuf.o
        44          6          0          0          0         84   sprintf.o
       264          6          0          0          0        160   stdio.o
         0          0          0         12        252          0   stdio_streams.o
       124          0          0          0          0         88   strcmpv7em.o
        12          4          0          0          0         68   sys_exit.o
        74          0          0          0          0         80   sys_stackheap_outer.o
        14          0          0          0          0         76   sys_wrch.o
         2          0          0          0          0         68   use_no_semi.o
        98          4          0          0          0        140   d2f.o
       812         16          0          0          0        392   daddsub_clz.o
        84          0          0          0          0        244   dcmp.o
        24          0          0          0          0        116   dcmpi.o
       692        140          0          0          0        264   ddiv.o
       120          4          0          0          0        140   deqf.o
        90          4          0          0          0        140   dfixu.o
        84          0          0          0          0        232   dflt_clz.o
       120          4          0          0          0        140   dgeqf.o
       120          4          0          0          0        140   dleqf.o
       156          4          0          0          0        140   dnaninf.o
        12          0          0          0          0        116   dretinf.o
        86          4          0          0          0        132   f2d.o
       140          4          0          0          0        132   fnaninf.o
        26          0          0          0          0        116   fpinit.o
        10          0          0          0          0        116   fretinf.o
         4          0          0          0          0        116   printf1.o
         4          0          0          0          0        116   printf2.o
         0          0          0          0          0          0   usenofp.o
        48          0          0          0          0        124   fpclassify.o

    ----------------------------------------------------------------------
     12042        630        552         12        348       9404   Library Totals
        30          0          1          0          0          0   (incl. Padding)

    ----------------------------------------------------------------------

      Code (inc. data)   RO Data    RW Data    ZI Data      Debug   Library Name

      9282        442        551         12        348       6348   c_w.l
      2682        188          0          0          0       2932   fz_wm.l
        48          0          0          0          0        124   m_wm.l

    ----------------------------------------------------------------------
     12042        630        552         12        348       9404   Library Totals

    ----------------------------------------------------------------------

==============================================================================


      Code (inc. data)   RO Data    RW Data    ZI Data      Debug   

     20956        734       1588         32       1968      63874   Grand Totals
     20956        734       1588         32       1968      63874   ELF Image Totals
     20956        734       1588         32          0          0   ROM Totals

==============================================================================

    Total RO  Size (Code + RO Data)                22544 (  22.02kB)
    Total RW  Size (RW Data + ZI Data)              2000 (   1.95kB)
    Total ROM Size (Code + RO Data + RW Data)      22576 (  22.05kB)

==============================================================================

